4.7.2.stable.official.ed1daf0bf
Godot Engine v4.7.2.stable.official.ed1daf0bf - https://godotengine.org

Unable to open Android 'build-tools' directory.
[   0% ] [90m[1mfirst_scan_filesystem[22m | Started Project initialization (5 steps)[39m[0m
[   0% ] [90m[1mfirst_scan_filesystem[22m | Scanning file structure...[39m[0m
[  16% ] [90m[1mfirst_scan_filesystem[22m | Loading global class names...[39m[0m
[  33% ] [90m[1mfirst_scan_filesystem[22m | Verifying GDExtensions...[39m[0m
[  50% ] [90m[1mfirst_scan_filesystem[22m | Creating autoload scripts...[39m[0m
[  66% ] [90m[1mfirst_scan_filesystem[22m | Initializing plugins...[39m[0m
[  83% ] [90m[1mfirst_scan_filesystem[22m | Starting file scan...[39m[0m
[92m[ DONE ][39m [1mfirst_scan_filesystem[22m
[0m
[   0% ] [90m[1mupdate_scripts_classes[22m | Started Registering global classes... (2 steps)[39m[0m
[   0% ] [90m[1mupdate_scripts_classes[22m | Family[39m[0m
[  33% ] [90m[1mupdate_scripts_classes[22m | [39m[0m
[92m[ DONE ][39m [1mupdate_scripts_classes[22m
[0m
[   0% ] [90m[1mloading_editor_layout[22m | Started Loading editor (5 steps)[39m[0m
[   0% ] [90m[1mloading_editor_layout[22m | Loading editor layout...[39m[0m
[  16% ] [90m[1mloading_editor_layout[22m | Loading docks...[39m[0m
[92m[ DONE ][39m [1mloading_editor_layout[22m
[0m
Godot Engine v4.7.2.stable.official.ed1daf0bf - https://godotengine.org

- 데이터
- M2: 한 달 행동
- M3: 토벌 의뢰와 전투
- 용병 고용 / 상인 집안
- M4: 전쟁
- 화면 조각
- 범용 장수 / 등용
- 사기와 포상
- M5: 출세 (떠돌이 → 성주)
- 결투 (3수 예약형)
- M6: 이벤트
- 상점 / 장비
- M7: 가족·노화·승계
- M7: 건국 (독립 선언 / 용병단 점령전)
- 엔딩 (통일 / 은퇴)
- 설전 (논리/감정/위세)
- 이름 입력 (게임 안 한글 자판)
- 전법 레벨 (1~3)
- 용병 등급 (9급 → 1급) / 사기 차이
- 이력 (결투 전적 / 의뢰 처리)
- 저장/불러오기
== 결과: 통과 986, 실패 0 ==
Godot Engine v4.7.2.stable.official.ed1daf0bf - https://godotengine.org

PASS JSON round trip preserves RNG stream
PASS automatic save loads
PASS autosave uses new month, not settled old month
PASS autosave captures refreshed AP, quests and world state
PASS empty JSON rejected
PASS failed load leaves current game untouched
PASS overwrite creates backup
PASS truncated primary recovers backup
PASS backup restores previous valid state
PASS preview identifies recovered backup
PASS reject malformed future without mutation
PASS reject malformed month without mutation
PASS reject malformed year without mutation
PASS reject malformed shape without mutation
PASS reject malformed player without mutation
PASS reject malformed city without mutation
PASS reject malformed nation without mutation
PASS reject slot path traversal
PASS replacement failure is not reported as success
SAVE REGRESSION failures=0
Godot Engine v4.7.2.stable.official.ed1daf0bf - https://godotengine.org

GAMEPLAY REGRESSION: 11 passed, 0 failed
Godot Engine v4.7.2.stable.official.ed1daf0bf - https://godotengine.org

SUCCESSION REGRESSION: 46 passed, 0 failed
