Godot Engine v4.7.2.stable.official.ed1daf0bf - https://godotengine.org

Unable to open Android 'build-tools' directory.
[   0% ] [90m[1mfirst_scan_filesystem[22m | Started Project initialization (5 steps)[39m[0m
[   0% ] [90m[1mfirst_scan_filesystem[22m | Scanning file structure...[39m[0m
[  16% ] [90m[1mfirst_scan_filesystem[22m | Loading global class names...[39m[0m
[  33% ] [90m[1mfirst_scan_filesystem[22m | Verifying GDExtensions...[39m[0m
[  50% ] [90m[1mfirst_scan_filesystem[22m | Creating autoload scripts...[39m[0m
[  66% ] [90m[1mfirst_scan_filesystem[22m | Initializing plugins...[39m[0m
[  83% ] [90m[1mfirst_scan_filesystem[22m | Starting file scan...[39m[0m
[92m[ DONE ][39m [1mfirst_scan_filesystem[22m
[0m
[   0% ] [90m[1mupdate_scripts_classes[22m | Started Registering global classes... (3 steps)[39m[0m
[   0% ] [90m[1mupdate_scripts_classes[22m | [39m[0m
[  25% ] [90m[1mupdate_scripts_classes[22m | [39m[0m
[  50% ] [90m[1mupdate_scripts_classes[22m | [39m[0m
[92m[ DONE ][39m [1mupdate_scripts_classes[22m
[0m
[   0% ] [90m[1m_update_scan_actions[22m | Started Scanning actions... (8 steps)[39m[0m
[   0% ] [90m[1m_update_scan_actions[22m | battle-after.png[39m[0m
[  11% ] [90m[1m_update_scan_actions[22m | city-after.png[39m[0m
[  22% ] [90m[1m_update_scan_actions[22m | mobile-xlarge.png[39m[0m
[  33% ] [90m[1m_update_scan_actions[22m | month-confirm.png[39m[0m
[  44% ] [90m[1m_update_scan_actions[22m | web-confirm.png[39m[0m
[  55% ] [90m[1m_update_scan_actions[22m | web-create.png[39m[0m
[  66% ] [90m[1m_update_scan_actions[22m | web-map.png[39m[0m
[  77% ] [90m[1m_update_scan_actions[22m | web-title.png[39m[0m
[92m[ DONE ][39m [1m_update_scan_actions[22m
[0m
[   0% ] [90m[1mreimport[22m | Started (Re)Importing Assets (8 steps)[39m[0m
[   0% ] [90m[1mreimport[22m | Preparing files to reimport...[39m[0m
[  11% ] [90m[1mreimport[22m | Preparing files to reimport...[39m[0m
[  22% ] [90m[1mreimport[22m | Preparing files to reimport...[39m[0m
[  33% ] [90m[1mreimport[22m | Preparing files to reimport...[39m[0m
[  44% ] [90m[1mreimport[22m | Preparing files to reimport...[39m[0m
[  55% ] [90m[1mreimport[22m | Preparing files to reimport...[39m[0m
[  66% ] [90m[1mreimport[22m | Preparing files to reimport...[39m[0m
[  77% ] [90m[1mreimport[22m | Preparing files to reimport...[39m[0m
[   0% ] [90m[1mreimport[22m | Executing pre-reimport operations...[39m[0m
[   0% ] [90m[1mreimport[22m | battle-after.png[39m[0m
[  11% ] [90m[1mreimport[22m | city-after.png[39m[0m
[  22% ] [90m[1mreimport[22m | mobile-xlarge.png[39m[0m
[  33% ] [90m[1mreimport[22m | month-confirm.png[39m[0m
[  44% ] [90m[1mreimport[22m | web-confirm.png[39m[0m
[  55% ] [90m[1mreimport[22m | web-create.png[39m[0m
[  66% ] [90m[1mreimport[22m | web-map.png[39m[0m
[  77% ] [90m[1mreimport[22m | web-title.png[39m[0m
[  88% ] [90m[1mreimport[22m | Finalizing Asset Import...[39m[0m
[92m[ DONE ][39m [1mreimport[22m
[0m
[   0% ] [90m[1mreimport[22m | Started (Re)Importing Assets (8 steps)[39m[0m
[   0% ] [90m[1mreimport[22m | Executing post-reimport operations...[39m[0m
[92m[ DONE ][39m [1mreimport[22m
[0m
[   0% ] [90m[1msavepack[22m | Started Packing (102 steps)[39m[0m
[   1% ] [90m[1msavepack[22m | Storing File: res://.godot/imported/title_continent.png-a54afced8b5f36c2f8d2f270f942b201.ctex[39m[0m
[   1% ] [90m[1msavepack[22m | Storing File: res://assets/backgrounds/title_continent.png.import[39m[0m
[   1% ] [90m[1msavepack[22m | Storing File: res://.godot/imported/Galmuri11-Bold.ttf-3a23d149e7b99ee54cc37134f38f9040.fontdata[39m[0m
[   1% ] [90m[1msavepack[22m | Storing File: res://assets/fonts/Galmuri11-Bold.ttf.import[39m[0m
[   1% ] [90m[1msavepack[22m | Storing File: res://.godot/imported/Galmuri11.ttf-dc494bdf43221ea4068442166ca7b6a4.fontdata[39m[0m
[   1% ] [90m[1msavepack[22m | Storing File: res://assets/fonts/Galmuri11.ttf.import[39m[0m
[   1% ] [90m[1msavepack[22m | Storing File: res://.godot/imported/NotoSansKR-Medium.otf-b1259cd20126883599301390430ba2d4.fontdata[39m[0m
[   1% ] [90m[1msavepack[22m | Storing File: res://assets/fonts/NotoSansKR-Medium.otf.import[39m[0m
[   1% ] [90m[1msavepack[22m | Storing File: res://.godot/imported/gen_beastkin_f_01.png-a8c97fe27c850dc1299ee0bf7ae90eec.ctex[39m[0m
[   1% ] [90m[1msavepack[22m | Storing File: res://assets/sprites/portraits_ai/gen_beastkin_f_01.png.import[39m[0m
[   2% ] [90m[1msavepack[22m | Storing File: res://.godot/imported/gen_beastkin_f_02.png-aae03e7c7521809d52122fc0c0f261f2.ctex[39m[0m
[   2% ] [90m[1msavepack[22m | Storing File: res://assets/sprites/portraits_ai/gen_beastkin_f_02.png.import[39m[0m
[   2% ] [90m[1msavepack[22m | Storing File: res://.godot/imported/gen_beastkin_f_03.png-002de4a6a43d355e966645a94b045fa8.ctex[39m[0m
[   2% ] [90m[1msavepack[22m | Storing File: res://assets/sprites/portraits_ai/gen_beastkin_f_03.png.import[39m[0m
[   2% ] [90m[1msavepack[22m | Storing File: res://.godot/imported/gen_beastkin_f_04.png-b6c525b88011f3fc0e7ccf0fee89bc7c.ctex[39m[0m
[   2% ] [90m[1msavepack[22m | Storing File: res://assets/sprites/portraits_ai/gen_beastkin_f_04.png.import[39m[0m
[   2% ] [90m[1msavepack[22m | Storing File: res://.godot/imported/gen_beastkin_f_05.png-33721850092b17d28952e7c6775cb347.ctex[39m[0m
[   2% ] [90m[1msavepack[22m | Storing File: res://assets/sprites/portraits_ai/gen_beastkin_f_05.png.import[39m[0m
[   3% ] [90m[1msavepack[22m | Storing File: res://.godot/imported/gen_beastkin_f_06.png-439b6a7c404df177017bf891aaddedb6.ctex[39m[0m
[   3% ] [90m[1msavepack[22m | Storing File: res://assets/sprites/portraits_ai/gen_beastkin_f_06.png.import[39m[0m
[   3% ] [90m[1msavepack[22m | Storing File: res://.godot/imported/gen_beastkin_f_07.png-164f5a6e4f3d3b1809508ab5b6e1fd52.ctex[39m[0m
[   3% ] [90m[1msavepack[22m | Storing File: res://assets/sprites/portraits_ai/gen_beastkin_f_07.png.import[39m[0m
[   3% ] [90m[1msavepack[22m | Storing File: res://.godot/imported/gen_beastkin_f_08.png-6415e1df2e32ccaa903deb2132e1e511.ctex[39m[0m
[   3% ] [90m[1msavepack[22m | Storing File: res://assets/sprites/portraits_ai/gen_beastkin_f_08.png.import[39m[0m
[   3% ] [90m[1msavepack[22m | Storing File: res://.godot/imported/gen_beastkin_f_09.png-5185c6f101cc0c4f3977cc88c61614e7.ctex[39m[0m
[   3% ] [90m[1msavepack[22m | Storing File: res://assets/sprites/portraits_ai/gen_beastkin_f_09.png.import[39m[0m
[   4% ] [90m[1msavepack[22m | Storing File: res://.godot/imported/gen_beastkin_m_01.png-c96130ac511527e26d3db01e9ed3b94f.ctex[39m[0m
[   4% ] [90m[1msavepack[22m | Storing File: res://assets/sprites/portraits_ai/gen_beastkin_m_01.png.import[39m[0m
[   4% ] [90m[1msavepack[22m | Storing File: res://.godot/imported/gen_beastkin_m_02.png-9ddd42ecc3737053c9b3cfefc0dcadcc.ctex[39m[0m
[   4% ] [90m[1msavepack[22m | Storing File: res://assets/sprites/portraits_ai/gen_beastkin_m_02.png.import[39m[0m
[   4% ] [90m[1msavepack[22m | Storing File: res://.godot/imported/gen_beastkin_m_03.png-40d40ccb653fa22e46c46aff96194e89.ctex[39m[0m
[   4% ] [90m[1msavepack[22m | Storing File: res://assets/sprites/portraits_ai/gen_beastkin_m_03.png.import[39m[0m
[   4% ] [90m[1msavepack[22m | Storing File: res://.godot/imported/gen_beastkin_m_04.png-bedd9937069b78e3ea5117526be74524.ctex[39m[0m
[   4% ] [90m[1msavepack[22m | Storing File: res://assets/sprites/portraits_ai/gen_beastkin_m_04.png.import[39m[0m
[   5% ] [90m[1msavepack[22m | Storing File: res://.godot/imported/gen_beastkin_m_05.png-1d194e7de30295e1c156f16d31edf572.ctex[39m[0m
[   5% ] [90m[1msavepack[22m | Storing File: res://assets/sprites/portraits_ai/gen_beastkin_m_05.png.import[39m[0m
[   5% ] [90m[1msavepack[22m | Storing File: res://.godot/imported/gen_beastkin_m_06.png-27c17e8ab121860958ca8cdf947ba8f5.ctex[39m[0m
[   5% ] [90m[1msavepack[22m | Storing File: res://assets/sprites/portraits_ai/gen_beastkin_m_06.png.import[39m[0m
[   5% ] [90m[1msavepack[22m | Storing File: res://.godot/imported/gen_beastkin_m_07.png-34f50fb1e77fea71ae627a218ea7b1fc.ctex[39m[0m
[   5% ] [90m[1msavepack[22m | Storing File: res://assets/sprites/portraits_ai/gen_beastkin_m_07.png.import[39m[0m
[   5% ] [90m[1msavepack[22m | Storing File: res://.godot/imported/gen_beastkin_m_08.png-49c66db0d770d68c33ac2dab90facb6e.ctex[39m[0m
[   5% ] [90m[1msavepack[22m | Storing File: res://assets/sprites/portraits_ai/gen_beastkin_m_08.png.import[39m[0m
[   6% ] [90m[1msavepack[22m | Storing File: res://.godot/imported/gen_beastkin_m_09.png-eb4828b1e76278012a2ef7ecf35f2fa6.ctex[39m[0m
[   6% ] [90m[1msavepack[22m | Storing File: res://assets/sprites/portraits_ai/gen_beastkin_m_09.png.import[39m[0m
[   6% ] [90m[1msavepack[22m | Storing File: res://.godot/imported/gen_dark_elf_f_01.png-7802e7aafbb890a071fd7c9acf376334.ctex[39m[0m
[   6% ] [90m[1msavepack[22m | Storing File: res://assets/sprites/portraits_ai/gen_dark_elf_f_01.png.import[39m[0m
[   6% ] [90m[1msavepack[22m | Storing File: res://.godot/imported/gen_dark_elf_f_02.png-fc0ce70f0e5a609a90a26cc26a95e074.ctex[39m[0m
[   6% ] [90m[1msavepack[22m | Storing File: res://assets/sprites/portraits_ai/gen_dark_elf_f_02.png.import[39m[0m
[   6% ] [90m[1msavepack[22m | Storing File: res://.godot/imported/gen_dark_elf_f_03.png-90cf7ce573e523243d32253bd041f82b.ctex[39m[0m
[   6% ] [90m[1msavepack[22m | Storing File: res://assets/sprites/portraits_ai/gen_dark_elf_f_03.png.import[39m[0m
[   7% ] [90m[1msavepack[22m | Storing File: res://.godot/imported/gen_dark_elf_f_04.png-0398fd6dd608890c4335fde50897a01a.ctex[39m[0m
[   7% ] [90m[1msavepack[22m | Storing File: res://assets/sprites/portraits_ai/gen_dark_elf_f_04.png.import[39m[0m
[   7% ] [90m[1msavepack[22m | Storing File: res://.godot/imported/gen_dark_elf_f_05.png-635f656547b35f8fa6f15c40d6073b04.ctex[39m[0m
[   7% ] [90m[1msavepack[22m | Storing File: res://assets/sprites/portraits_ai/gen_dark_elf_f_05.png.import[39m[0m
[   7% ] [90m[1msavepack[22m | Storing File: res://.godot/imported/gen_dark_elf_f_06.png-fd68cf28f146ab010e16634fa5dc5047.ctex[39m[0m
[   7% ] [90m[1msavepack[22m | Storing File: res://assets/sprites/portraits_ai/gen_dark_elf_f_06.png.import[39m[0m
[   7% ] [90m[1msavepack[22m | Storing File: res://.godot/imported/gen_dark_elf_f_07.png-3cf2f38dace5cd080e664d73bc8dd0f7.ctex[39m[0m
[   7% ] [90m[1msavepack[22m | Storing File: res://assets/sprites/portraits_ai/gen_dark_elf_f_07.png.import[39m[0m
[   8% ] [90m[1msavepack[22m | Storing File: res://.godot/imported/gen_dark_elf_f_08.png-89b3be7bb5c491971beca2fa209b27f6.ctex[39m[0m
[   8% ] [90m[1msavepack[22m | Storing File: res://assets/sprites/portraits_ai/gen_dark_elf_f_08.png.import[39m[0m
[   8% ] [90m[1msavepack[22m | Storing File: res://.godot/imported/gen_dark_elf_f_09.png-96d26efa8872f11c96818d2b8ce5c73b.ctex[39m[0m
[   8% ] [90m[1msavepack[22m | Storing File: res://assets/sprites/portraits_ai/gen_dark_elf_f_09.png.import[39m[0m
[   8% ] [90m[1msavepack[22m | Storing File: res://.godot/imported/gen_dark_elf_f_10.png-8ebf92fdfd4c104d828073b3aca1517f.ctex[39m[0m
[   8% ] [90m[1msavepack[22m | Storing File: res://assets/sprites/portraits_ai/gen_dark_elf_f_10.png.import[39m[0m
[   8% ] [90m[1msavepack[22m | Storing File: res://.godot/imported/gen_dark_elf_m_01.png-8d42915ecb425202d33cf4dcb5a659ef.ctex[39m[0m
[   8% ] [90m[1msavepack[22m | Storing File: res://assets/sprites/portraits_ai/gen_dark_elf_m_01.png.import[39m[0m
[   9% ] [90m[1msavepack[22m | Storing File: res://.godot/imported/gen_dark_elf_m_02.png-7c053f81c64153ac03c9740a84097983.ctex[39m[0m
[   9% ] [90m[1msavepack[22m | Storing File: res://assets/sprites/portraits_ai/gen_dark_elf_m_02.png.import[39m[0m
[   9% ] [90m[1msavepack[22m | Storing File: res://.godot/imported/gen_dark_elf_m_03.png-a2a1d856496e71aac9bbd99ebba5c657.ctex[39m[0m
[   9% ] [90m[1msavepack[22m | Storing File: res://assets/sprites/portraits_ai/gen_dark_elf_m_03.png.import[39m[0m
[   9% ] [90m[1msavepack[22m | Storing File: res://.godot/imported/gen_dark_elf_m_04.png-2a131d3cfc48fc2cb5cb725ff172c34a.ctex[39m[0m
[   9% ] [90m[1msavepack[22m | Storing File: res://assets/sprites/portraits_ai/gen_dark_elf_m_04.png.import[39m[0m
[   9% ] [90m[1msavepack[22m | Storing File: res://.godot/imported/gen_dark_elf_m_05.png-7839bd840dfd78c93f6b6ab1581d6213.ctex[39m[0m
[   9% ] [90m[1msavepack[22m | Storing File: res://assets/sprites/portraits_ai/gen_dark_elf_m_05.png.import[39m[0m
[  10% ] [90m[1msavepack[22m | Storing File: res://.godot/imported/gen_dark_elf_m_06.png-94f9868413c9dda6b7d8b10570d55585.ctex[39m[0m
[  10% ] [90m[1msavepack[22m | Storing File: res://assets/sprites/portraits_ai/gen_dark_elf_m_06.png.import[39m[0m
[  10% ] [90m[1msavepack[22m | Storing File: res://.godot/imported/gen_dark_elf_m_07.png-4be0ab17d1374352e6d37540bbe65236.ctex[39m[0m
[  10% ] [90m[1msavepack[22m | Storing File: res://assets/sprites/portraits_ai/gen_dark_elf_m_07.png.import[39m[0m
[  10% ] [90m[1msavepack[22m | Storing File: res://.godot/imported/gen_dark_elf_m_08.png-c9d16571934655eb5bd7d11c7623e912.ctex[39m[0m
[  10% ] [90m[1msavepack[22m | Storing File: res://assets/sprites/portraits_ai/gen_dark_elf_m_08.png.import[39m[0m
[  10% ] [90m[1msavepack[22m | Storing File: res://.godot/imported/gen_dark_elf_m_09.png-2f8c56e8ead37ef4bf8ab5316bc2be44.ctex[39m[0m
[  10% ] [90m[1msavepack[22m | Storing File: res://assets/sprites/portraits_ai/gen_dark_elf_m_09.png.import[39m[0m
[  11% ] [90m[1msavepack[22m | Storing File: res://.godot/imported/gen_dark_elf_m_10.png-467393e26ecf47b95605525928994779.ctex[39m[0m
[  11% ] [90m[1msavepack[22m | Storing File: res://assets/sprites/portraits_ai/gen_dark_elf_m_10.png.import[39m[0m
[  11% ] [90m[1msavepack[22m | Storing File: res://.godot/imported/gen_dwarf_f_01.png-0eabbc8cbb86d080d1ef609e72e2e5ad.ctex[39m[0m
[  11% ] [90m[1msavepack[22m | Storing File: res://assets/sprites/portraits_ai/gen_dwarf_f_01.png.import[39m[0m
[  11% ] [90m[1msavepack[22m | Storing File: res://.godot/imported/gen_dwarf_f_02.png-6da72d43d3b4ccb0e5f9f8c65ad1835a.ctex[39m[0m
[  11% ] [90m[1msavepack[22m | Storing File: res://assets/sprites/portraits_ai/gen_dwarf_f_02.png.import[39m[0m
[  11% ] [90m[1msavepack[22m | Storing File: res://.godot/imported/gen_dwarf_f_03.png-6e2ad2c6f3b830a382be12c58e462e39.ctex[39m[0m
[  11% ] [90m[1msavepack[22m | Storing File: res://assets/sprites/portraits_ai/gen_dwarf_f_03.png.import[39m[0m
[  11% ] [90m[1msavepack[22m | Storing File: res://.godot/imported/gen_dwarf_f_04.png-1334b4d6c334f5258a1cbace9e7b99f2.ctex[39m[0m
[  11% ] [90m[1msavepack[22m | Storing File: res://assets/sprites/portraits_ai/gen_dwarf_f_04.png.import[39m[0m
[  12% ] [90m[1msavepack[22m | Storing File: res://.godot/imported/gen_dwarf_f_05.png-32191cc829e9d8db9c276bcc26a56666.ctex[39m[0m
[  12% ] [90m[1msavepack[22m | Storing File: res://assets/sprites/portraits_ai/gen_dwarf_f_05.png.import[39m[0m
[  12% ] [90m[1msavepack[22m | Storing File: res://.godot/imported/gen_dwarf_f_06.png-e0eb55015b779381cdaa3f9d5661bb69.ctex[39m[0m
[  12% ] [90m[1msavepack[22m | Storing File: res://assets/sprites/portraits_ai/gen_dwarf_f_06.png.import[39m[0m
[  12% ] [90m[1msavepack[22m | Storing File: res://.godot/imported/gen_dwarf_f_07.png-21d2363c154e1be29ff070b1dcc4d91a.ctex[39m[0m
[  12% ] [90m[1msavepack[22m | Storing File: res://assets/sprites/portraits_ai/gen_dwarf_f_07.png.import[39m[0m
[  12% ] [90m[1msavepack[22m | Storing File: res://.godot/imported/gen_dwarf_f_08.png-68086f9aeb75c8d17a3e0b9b6654027c.ctex[39m[0m
[  12% ] [90m[1msavepack[22m | Storing File: res://assets/sprites/portraits_ai/gen_dwarf_f_08.png.import[39m[0m
[  13% ] [90m[1msavepack[22m | Storing File: res://.godot/imported/gen_dwarf_m_01.png-47da44897415645034b6cb7b9abffb6c.ctex[39m[0m
[  13% ] [90m[1msavepack[22m | Storing File: res://assets/sprites/portraits_ai/gen_dwarf_m_01.png.import[39m[0m
[  13% ] [90m[1msavepack[22m | Storing File: res://.godot/imported/gen_dwarf_m_02.png-6674efd7b97259074e4965d637f8080d.ctex[39m[0m
[  13% ] [90m[1msavepack[22m | Storing File: res://assets/sprites/portraits_ai/gen_dwarf_m_02.png.import[39m[0m
[  13% ] [90m[1msavepack[22m | Storing File: res://.godot/imported/gen_dwarf_m_03.png-c335ca6c22b3947de3ffa4345a41d2a4.ctex[39m[0m
[  13% ] [90m[1msavepack[22m | Storing File: res://assets/sprites/portraits_ai/gen_dwarf_m_03.png.import[39m[0m
[  13% ] [90m[1msavepack[22m | Storing File: res://.godot/imported/gen_dwarf_m_04.png-693e78d4007ec21cc97c365ba01cd6af.ctex[39m[0m
[  13% ] [90m[1msavepack[22m | Storing File: res://assets/sprites/portraits_ai/gen_dwarf_m_04.png.import[39m[0m
[  14% ] [90m[1msavepack[22m | Storing File: res://.godot/imported/gen_dwarf_m_05.png-c19df1bd2313868ae302907ac808614a.ctex[39m[0m
[  14% ] [90m[1msavepack[22m | Storing File: res://assets/sprites/portraits_ai/gen_dwarf_m_05.png.import[39m[0m
[  14% ] [90m[1msavepack[22m | Storing File: res://.godot/imported/gen_dwarf_m_06.png-7d31750c1454f53ab31df5e62718331e.ctex[39m[0m
[  14% ] [90m[1msavepack[22m | Storing File: res://assets/sprites/portraits_ai/gen_dwarf_m_06.png.import[39m[0m
[  14% ] [90m[1msavepack[22m | Storing File: res://.godot/imported/gen_dwarf_m_07.png-b6fc210bff1b66e9321504c36bd0c84f.ctex[39m[0m
[  14% ] [90m[1msavepack[22m | Storing File: res://assets/sprites/portraits_ai/gen_dwarf_m_07.png.import[39m[0m
[  14% ] [90m[1msavepack[22m | Storing File: res://.godot/imported/gen_dwarf_m_08.png-85d5ad22e622079942a51549bbb4e1d8.ctex[39m[0m
[  14% ] [90m[1msavepack[22m | Storing File: res://assets/sprites/portraits_ai/gen_dwarf_m_08.png.import[39m[0m
[  15% ] [90m[1msavepack[22m | Storing File: res://.godot/imported/gen_dwarf_m_09.png-c5037248c1ba7be220444e451ac1f6dc.ctex[39m[0m
[  15% ] [90m[1msavepack[22m | Storing File: res://assets/sprites/portraits_ai/gen_dwarf_m_09.png.import[39m[0m
[  15% ] [90m[1msavepack[22m | Storing File: res://.godot/imported/gen_dwarf_m_10.png-a615b94422af527aae7d650623db417c.ctex[39m[0m
[  15% ] [90m[1msavepack[22m | Storing File: res://assets/sprites/portraits_ai/gen_dwarf_m_10.png.import[39m[0m
[  15% ] [90m[1msavepack[22m | Storing File: res://.godot/imported/gen_dwarf_m_11.png-55494e28002cab9c6316a7d031886096.ctex[39m[0m
[  15% ] [90m[1msavepack[22m | Storing File: res://assets/sprites/portraits_ai/gen_dwarf_m_11.png.import[39m[0m
[  15% ] [90m[1msavepack[22m | Storing File: res://.godot/imported/gen_dwarf_m_12.png-ba8c5cd3fc630a62353a55bc44f04c6a.ctex[39m[0m
[  15% ] [90m[1msavepack[22m | Storing File: res://assets/sprites/portraits_ai/gen_dwarf_m_12.png.import[39m[0m
[  16% ] [90m[1msavepack[22m | Storing File: res://.godot/imported/gen_dwarf_m_13.png-1bfb6a7fa868123dcb1d679a49091933.ctex[39m[0m
[  16% ] [90m[1msavepack[22m | Storing File: res://assets/sprites/portraits_ai/gen_dwarf_m_13.png.import[39m[0m
[  16% ] [90m[1msavepack[22m | Storing File: res://.godot/imported/gen_dwarf_m_14.png-3e8fb75655e88dca971ed0d485749be6.ctex[39m[0m
[  16% ] [90m[1msavepack[22m | Storing File: res://assets/sprites/portraits_ai/gen_dwarf_m_14.png.import[39m[0m
[  16% ] [90m[1msavepack[22m | Storing File: res://.godot/imported/gen_dwarf_m_15.png-c2b85342c721af4d7f4dcf245ad70551.ctex[39m[0m
[  16% ] [90m[1msavepack[22m | Storing File: res://assets/sprites/portraits_ai/gen_dwarf_m_15.png.import[39m[0m
[  16% ] [90m[1msavepack[22m | Storing File: res://.godot/imported/gen_dwarf_m_16.png-a64f8b06ea147d82c2281a58ed87ab38.ctex[39m[0m
[  16% ] [90m[1msavepack[22m | Storing File: res://assets/sprites/portraits_ai/gen_dwarf_m_16.png.import[39m[0m
[  17% ] [90m[1msavepack[22m | Storing File: res://.godot/imported/gen_dwarf_m_17.png-3c120cf3088d166d37f85d81d41c9043.ctex[39m[0m
[  17% ] [90m[1msavepack[22m | Storing File: res://assets/sprites/portraits_ai/gen_dwarf_m_17.png.import[39m[0m
[  17% ] [90m[1msavepack[22m | Storing File: res://.godot/imported/gen_dwarf_m_18.png-a4d6955c38761a9e3418f72ded046933.ctex[39m[0m
[  17% ] [90m[1msavepack[22m | Storing File: res://assets/sprites/portraits_ai/gen_dwarf_m_18.png.import[39m[0m
[  17% ] [90m[1msavepack[22m | Storing File: res://.godot/imported/gen_dwarf_m_19.png-282b9e8bc5ad72af9470e31a2a7038c6.ctex[39m[0m
[  17% ] [90m[1msavepack[22m | Storing File: res://assets/sprites/portraits_ai/gen_dwarf_m_19.png.import[39m[0m
[  17% ] [90m[1msavepack[22m | Storing File: res://.godot/imported/gen_dwarf_m_20.png-2e3c1c25b016d2a7d07d43c99e142184.ctex[39m[0m
[  17% ] [90m[1msavepack[22m | Storing File: res://assets/sprites/portraits_ai/gen_dwarf_m_20.png.import[39m[0m
[  18% ] [90m[1msavepack[22m | Storing File: res://.godot/imported/gen_elf_f_01.png-cc1eb0a7fe7d4ab3dfdaf9d09b0e7fec.ctex[39m[0m
[  18% ] [90m[1msavepack[22m | Storing File: res://assets/sprites/portraits_ai/gen_elf_f_01.png.import[39m[0m
[  18% ] [90m[1msavepack[22m | Storing File: res://.godot/imported/gen_elf_f_02.png-fa50a3b723316b9628afa6dcba515401.ctex[39m[0m
[  18% ] [90m[1msavepack[22m | Storing File: res://assets/sprites/portraits_ai/gen_elf_f_02.png.import[39m[0m
[  18% ] [90m[1msavepack[22m | Storing File: res://.godot/imported/gen_elf_f_03.png-8b63402779ac00ef5408384f626f2981.ctex[39m[0m
[  18% ] [90m[1msavepack[22m | Storing File: res://assets/sprites/portraits_ai/gen_elf_f_03.png.import[39m[0m
[  18% ] [90m[1msavepack[22m | Storing File: res://.godot/imported/gen_elf_f_04.png-3e9a7a5b61b7b739913a28f352cf3d05.ctex[39m[0m
[  18% ] [90m[1msavepack[22m | Storing File: res://assets/sprites/portraits_ai/gen_elf_f_04.png.import[39m[0m
[  19% ] [90m[1msavepack[22m | Storing File: res://.godot/imported/gen_elf_f_05.png-8d59ae57545907b58545c41c425a2f3f.ctex[39m[0m
[  19% ] [90m[1msavepack[22m | Storing File: res://assets/sprites/portraits_ai/gen_elf_f_05.png.import[39m[0m
[  19% ] [90m[1msavepack[22m | Storing File: res://.godot/imported/gen_elf_f_06.png-617f0c078dfa3ce7354573b56fa5a8b2.ctex[39m[0m
[  19% ] [90m[1msavepack[22m | Storing File: res://assets/sprites/portraits_ai/gen_elf_f_06.png.import[39m[0m
[  19% ] [90m[1msavepack[22m | Storing File: res://.godot/imported/gen_elf_f_07.png-8aa39afd24811fb071a763680a06038a.ctex[39m[0m
[  19% ] [90m[1msavepack[22m | Storing File: res://assets/sprites/portraits_ai/gen_elf_f_07.png.import[39m[0m
[  19% ] [90m[1msavepack[22m | Storing File: res://.godot/imported/gen_elf_f_08.png-3725b460f607e9b3851a0cb3b4952cc7.ctex[39m[0m
[  19% ] [90m[1msavepack[22m | Storing File: res://assets/sprites/portraits_ai/gen_elf_f_08.png.import[39m[0m
[  20% ] [90m[1msavepack[22m | Storing File: res://.godot/imported/gen_elf_f_09.png-68e0066ace61cfabeec704c871ebbe0a.ctex[39m[0m
[  20% ] [90m[1msavepack[22m | Storing File: res://assets/sprites/portraits_ai/gen_elf_f_09.png.import[39m[0m
[  20% ] [90m[1msavepack[22m | Storing File: res://.godot/imported/gen_elf_f_10.png-1f8f542efecd31828e6c0eb99aae58c8.ctex[39m[0m
[  20% ] [90m[1msavepack[22m | Storing File: res://assets/sprites/portraits_ai/gen_elf_f_10.png.import[39m[0m
[  20% ] [90m[1msavepack[22m | Storing File: res://.godot/imported/gen_elf_f_11.png-22ff35589884e50afbf89f9d21717114.ctex[39m[0m
[  20% ] [90m[1msavepack[22m | Storing File: res://assets/sprites/portraits_ai/gen_elf_f_11.png.import[39m[0m
[  20% ] [90m[1msavepack[22m | Storing File: res://.godot/imported/gen_elf_f_12.png-f11df6c1a44959350ff18a518686fb29.ctex[39m[0m
[  20% ] [90m[1msavepack[22m | Storing File: res://assets/sprites/portraits_ai/gen_elf_f_12.png.import[39m[0m
[  21% ] [90m[1msavepack[22m | Storing File: res://.godot/imported/gen_elf_f_13.png-26b52e5ebe4d8621b79c23e2a3344018.ctex[39m[0m
[  21% ] [90m[1msavepack[22m | Storing File: res://assets/sprites/portraits_ai/gen_elf_f_13.png.import[39m[0m
[  21% ] [90m[1msavepack[22m | Storing File: res://.godot/imported/gen_elf_f_14.png-f3a79d4283acf275b6764d74cef42980.ctex[39m[0m
[  21% ] [90m[1msavepack[22m | Storing File: res://assets/sprites/portraits_ai/gen_elf_f_14.png.import[39m[0m
[  21% ] [90m[1msavepack[22m | Storing File: res://.godot/imported/gen_elf_f_15.png-1edc44da4e184a7cf7b98c11073febcf.ctex[39m[0m
[  21% ] [90m[1msavepack[22m | Storing File: res://assets/sprites/portraits_ai/gen_elf_f_15.png.import[39m[0m
[  21% ] [90m[1msavepack[22m | Storing File: res://.godot/imported/gen_elf_f_16.png-29a6dffff66e638bee68ef0d1645bf09.ctex[39m[0m
[  21% ] [90m[1msavepack[22m | Storing File: res://assets/sprites/portraits_ai/gen_elf_f_16.png.import[39m[0m
[  21% ] [90m[1msavepack[22m | Storing File: res://.godot/imported/gen_elf_f_17.png-5fe388aa4326c743ccccb0bff047db9c.ctex[39m[0m
[  21% ] [90m[1msavepack[22m | Storing File: res://assets/sprites/portraits_ai/gen_elf_f_17.png.import[39m[0m
[  22% ] [90m[1msavepack[22m | Storing File: res://.godot/imported/gen_elf_f_18.png-f6cca77b7bfc705858d79fa6af4644e5.ctex[39m[0m
[  22% ] [90m[1msavepack[22m | Storing File: res://assets/sprites/portraits_ai/gen_elf_f_18.png.import[39m[0m
[  22% ] [90m[1msavepack[22m | Storing File: res://.godot/imported/gen_elf_m_01.png-9ab0da7c79d06f459c6e25c62ce86bb0.ctex[39m[0m
[  22% ] [90m[1msavepack[22m | Storing File: res://assets/sprites/portraits_ai/gen_elf_m_01.png.import[39m[0m
[  22% ] [90m[1msavepack[22m | Storing File: res://.godot/imported/gen_elf_m_02.png-80dcb7b2f75311eeb44cd5f8af8b5285.ctex[39m[0m
[  22% ] [90m[1msavepack[22m | Storing File: res://assets/sprites/portraits_ai/gen_elf_m_02.png.import[39m[0m
[  22% ] [90m[1msavepack[22m | Storing File: res://.godot/imported/gen_elf_m_03.png-ebc5249343c1452246164bd37f275817.ctex[39m[0m
[  22% ] [90m[1msavepack[22m | Storing File: res://assets/sprites/portraits_ai/gen_elf_m_03.png.import[39m[0m
[  23% ] [90m[1msavepack[22m | Storing File: res://.godot/imported/gen_elf_m_04.png-7fb75112567973f3aefcbb5df4b497e1.ctex[39m[0m
[  23% ] [90m[1msavepack[22m | Storing File: res://assets/sprites/portraits_ai/gen_elf_m_04.png.import[39m[0m
[  23% ] [90m[1msavepack[22m | Storing File: res://.godot/imported/gen_elf_m_05.png-ff1f86789c5f00f7b89b843c0e4ebd4b.ctex[39m[0m
[  23% ] [90m[1msavepack[22m | Storing File: res://assets/sprites/portraits_ai/gen_elf_m_05.png.import[39m[0m
[  23% ] [90m[1msavepack[22m | Storing File: res://.godot/imported/gen_elf_m_06.png-7dc340cb86087eeae01dd586b79102ed.ctex[39m[0m
[  23% ] [90m[1msavepack[22m | Storing File: res://assets/sprites/portraits_ai/gen_elf_m_06.png.import[39m[0m
[  23% ] [90m[1msavepack[22m | Storing File: res://.godot/imported/gen_elf_m_07.png-e41ecb0b3404ebf0d6b33c78a0f7b6a0.ctex[39m[0m
[  23% ] [90m[1msavepack[22m | Storing File: res://assets/sprites/portraits_ai/gen_elf_m_07.png.import[39m[0m
[  24% ] [90m[1msavepack[22m | Storing File: res://.godot/imported/gen_elf_m_08.png-735f7bc36f2c52ea0d1152cbdb84698e.ctex[39m[0m
[  24% ] [90m[1msavepack[22m | Storing File: res://assets/sprites/portraits_ai/gen_elf_m_08.png.import[39m[0m
[  24% ] [90m[1msavepack[22m | Storing File: res://.godot/imported/gen_elf_m_09.png-442935a1410acec633eb677c8fc4e629.ctex[39m[0m
[  24% ] [90m[1msavepack[22m | Storing File: res://assets/sprites/portraits_ai/gen_elf_m_09.png.import[39m[0m
[  24% ] [90m[1msavepack[22m | Storing File: res://.godot/imported/gen_elf_m_10.png-6a19f34c84aa8959541edf9839fe302c.ctex[39m[0m
[  24% ] [90m[1msavepack[22m | Storing File: res://assets/sprites/portraits_ai/gen_elf_m_10.png.import[39m[0m
[  24% ] [90m[1msavepack[22m | Storing File: res://.godot/imported/gen_elf_m_11.png-f88a0422e7813a65cb24e94b0544fdcf.ctex[39m[0m
[  24% ] [90m[1msavepack[22m | Storing File: res://assets/sprites/portraits_ai/gen_elf_m_11.png.import[39m[0m
[  25% ] [90m[1msavepack[22m | Storing File: res://.godot/imported/gen_elf_m_12.png-38748f5c97d330fc8529d933d8c03812.ctex[39m[0m
[  25% ] [90m[1msavepack[22m | Storing File: res://assets/sprites/portraits_ai/gen_elf_m_12.png.import[39m[0m
[  25% ] [90m[1msavepack[22m | Storing File: res://.godot/imported/gen_elf_m_13.png-ab8ddc1ac36666ab1e484f7b9449f6f8.ctex[39m[0m
[  25% ] [90m[1msavepack[22m | Storing File: res://assets/sprites/portraits_ai/gen_elf_m_13.png.import[39m[0m
[  25% ] [90m[1msavepack[22m | Storing File: res://.godot/imported/gen_elf_m_14.png-4b1b180b9f8a17b2671f578f338cc057.ctex[39m[0m
[  25% ] [90m[1msavepack[22m | Storing File: res://assets/sprites/portraits_ai/gen_elf_m_14.png.import[39m[0m
[  25% ] [90m[1msavepack[22m | Storing File: res://.godot/imported/gen_halfling_f_01.png-98bbc5f473349c3312a69eda5bd97c42.ctex[39m[0m
[  25% ] [90m[1msavepack[22m | Storing File: res://assets/sprites/portraits_ai/gen_halfling_f_01.png.import[39m[0m
[  26% ] [90m[1msavepack[22m | Storing File: res://.godot/imported/gen_halfling_f_02.png-79e24393a3cdd40b08f2c396c784c118.ctex[39m[0m
[  26% ] [90m[1msavepack[22m | Storing File: res://assets/sprites/portraits_ai/gen_halfling_f_02.png.import[39m[0m
[  26% ] [90m[1msavepack[22m | Storing File: res://.godot/imported/gen_halfling_f_03.png-f31327e543a9000e0d4beecb400139e1.ctex[39m[0m
[  26% ] [90m[1msavepack[22m | Storing File: res://assets/sprites/portraits_ai/gen_halfling_f_03.png.import[39m[0m
[  26% ] [90m[1msavepack[22m | Storing File: res://.godot/imported/gen_halfling_f_04.png-7a718462ac81d93ae2d74987fe620774.ctex[39m[0m
[  26% ] [90m[1msavepack[22m | Storing File: res://assets/sprites/portraits_ai/gen_halfling_f_04.png.import[39m[0m
[  26% ] [90m[1msavepack[22m | Storing File: res://.godot/imported/gen_halfling_m_01.png-0d3c5026a0ed8a487cfdaac3372a88e4.ctex[39m[0m
[  26% ] [90m[1msavepack[22m | Storing File: res://assets/sprites/portraits_ai/gen_halfling_m_01.png.import[39m[0m
[  27% ] [90m[1msavepack[22m | Storing File: res://.godot/imported/gen_halfling_m_02.png-bb3053604f06ad302fc7be6d5f82d228.ctex[39m[0m
[  27% ] [90m[1msavepack[22m | Storing File: res://assets/sprites/portraits_ai/gen_halfling_m_02.png.import[39m[0m
[  27% ] [90m[1msavepack[22m | Storing File: res://.godot/imported/gen_halfling_m_03.png-0303fa175af72c606444a0534e653063.ctex[39m[0m
[  27% ] [90m[1msavepack[22m | Storing File: res://assets/sprites/portraits_ai/gen_halfling_m_03.png.import[39m[0m
[  27% ] [90m[1msavepack[22m | Storing File: res://.godot/imported/gen_halfling_m_04.png-963a2107b55368872b9d488b6fc65ed5.ctex[39m[0m
[  27% ] [90m[1msavepack[22m | Storing File: res://assets/sprites/portraits_ai/gen_halfling_m_04.png.import[39m[0m
[  27% ] [90m[1msavepack[22m | Storing File: res://.godot/imported/gen_halfling_m_05.png-558db713c2cba70704565e41c629bcbd.ctex[39m[0m
[  27% ] [90m[1msavepack[22m | Storing File: res://assets/sprites/portraits_ai/gen_halfling_m_05.png.import[39m[0m
[  28% ] [90m[1msavepack[22m | Storing File: res://.godot/imported/gen_human_f_01.png-6a83882c2ce26e7743c69a655cd1fb25.ctex[39m[0m
[  28% ] [90m[1msavepack[22m | Storing File: res://assets/sprites/portraits_ai/gen_human_f_01.png.import[39m[0m
[  28% ] [90m[1msavepack[22m | Storing File: res://.godot/imported/gen_human_f_02.png-58454bbd6aa4bc34c34b15fc18b44bf5.ctex[39m[0m
[  28% ] [90m[1msavepack[22m | Storing File: res://assets/sprites/portraits_ai/gen_human_f_02.png.import[39m[0m
[  28% ] [90m[1msavepack[22m | Storing File: res://.godot/imported/gen_human_f_03.png-e9a42a41b364b6dc5cb2400c943a8117.ctex[39m[0m
[  28% ] [90m[1msavepack[22m | Storing File: res://assets/sprites/portraits_ai/gen_human_f_03.png.import[39m[0m
[  28% ] [90m[1msavepack[22m | Storing File: res://.godot/imported/gen_human_f_04.png-a9e25c1a17178ebedc5c72fd86e17506.ctex[39m[0m
[  28% ] [90m[1msavepack[22m | Storing File: res://assets/sprites/portraits_ai/gen_human_f_04.png.import[39m[0m
[  29% ] [90m[1msavepack[22m | Storing File: res://.godot/imported/gen_human_f_05.png-8dff0427e5af91be14a527816d21e88d.ctex[39m[0m
[  29% ] [90m[1msavepack[22m | Storing File: res://assets/sprites/portraits_ai/gen_human_f_05.png.import[39m[0m
[  29% ] [90m[1msavepack[22m | Storing File: res://.godot/imported/gen_human_f_06.png-90af5e699b65167a56947f0665a843ae.ctex[39m[0m
[  29% ] [90m[1msavepack[22m | Storing File: res://assets/sprites/portraits_ai/gen_human_f_06.png.import[39m[0m
[  29% ] [90m[1msavepack[22m | Storing File: res://.godot/imported/gen_human_f_07.png-3627f711cc90c2e7a1da6a6cd6a25d9f.ctex[39m[0m
[  29% ] [90m[1msavepack[22m | Storing File: res://assets/sprites/portraits_ai/gen_human_f_07.png.import[39m[0m
[  29% ] [90m[1msavepack[22m | Storing File: res://.godot/imported/gen_human_f_08.png-7fedf4ed0f4424a89f3543f223cb336e.ctex[39m[0m
[  29% ] [90m[1msavepack[22m | Storing File: res://assets/sprites/portraits_ai/gen_human_f_08.png.import[39m[0m
[  30% ] [90m[1msavepack[22m | Storing File: res://.godot/imported/gen_human_f_09.png-f18c7a4253ce88d21714a7290abdece3.ctex[39m[0m
[  30% ] [90m[1msavepack[22m | Storing File: res://assets/sprites/portraits_ai/gen_human_f_09.png.import[39m[0m
[  30% ] [90m[1msavepack[22m | Storing File: res://.godot/imported/gen_human_f_10.png-e8cf5a5617c65fcf0de4aa7513feebf2.ctex[39m[0m
[  30% ] [90m[1msavepack[22m | Storing File: res://assets/sprites/portraits_ai/gen_human_f_10.png.import[39m[0m
[  30% ] [90m[1msavepack[22m | Storing File: res://.godot/imported/gen_human_f_11.png-174ab00219920b874edb310565cf4ac7.ctex[39m[0m
[  30% ] [90m[1msavepack[22m | Storing File: res://assets/sprites/portraits_ai/gen_human_f_11.png.import[39m[0m
[  30% ] [90m[1msavepack[22m | Storing File: res://.godot/imported/gen_human_f_12.png-f2e55a145c30dccdb21ee52210fe4099.ctex[39m[0m
[  30% ] [90m[1msavepack[22m | Storing File: res://assets/sprites/portraits_ai/gen_human_f_12.png.import[39m[0m
[  31% ] [90m[1msavepack[22m | Storing File: res://.godot/imported/gen_human_f_13.png-b792fb1f800f6f07b2064c37b1a4e443.ctex[39m[0m
[  31% ] [90m[1msavepack[22m | Storing File: res://assets/sprites/portraits_ai/gen_human_f_13.png.import[39m[0m
[  31% ] [90m[1msavepack[22m | Storing File: res://.godot/imported/gen_human_f_14.png-62bff8c701be25199c1acb0c9e09aa4e.ctex[39m[0m
[  31% ] [90m[1msavepack[22m | Storing File: res://assets/sprites/portraits_ai/gen_human_f_14.png.import[39m[0m
[  31% ] [90m[1msavepack[22m | Storing File: res://.godot/imported/gen_human_f_15.png-da9112f9cf63a022153e01c8afc36c5c.ctex[39m[0m
[  31% ] [90m[1msavepack[22m | Storing File: res://assets/sprites/portraits_ai/gen_human_f_15.png.import[39m[0m
[  31% ] [90m[1msavepack[22m | Storing File: res://.godot/imported/gen_human_f_16.png-eab4469e1bb8162fcc1592c892eeafa1.ctex[39m[0m
[  31% ] [90m[1msavepack[22m | Storing File: res://assets/sprites/portraits_ai/gen_human_f_16.png.import[39m[0m
[  31% ] [90m[1msavepack[22m | Storing File: res://.godot/imported/gen_human_f_17.png-d6c364fad853da613c5cdde37f333ba3.ctex[39m[0m
[  31% ] [90m[1msavepack[22m | Storing File: res://assets/sprites/portraits_ai/gen_human_f_17.png.import[39m[0m
[  32% ] [90m[1msavepack[22m | Storing File: res://.godot/imported/gen_human_f_18.png-eab16915d12ecd3c01d056a688bdfe3a.ctex[39m[0m
[  32% ] [90m[1msavepack[22m | Storing File: res://assets/sprites/portraits_ai/gen_human_f_18.png.import[39m[0m
[  32% ] [90m[1msavepack[22m | Storing File: res://.godot/imported/gen_human_f_19.png-b8c9ed44ea546a4b7d0d5b9b20cde619.ctex[39m[0m
[  32% ] [90m[1msavepack[22m | Storing File: res://assets/sprites/portraits_ai/gen_human_f_19.png.import[39m[0m
[  32% ] [90m[1msavepack[22m | Storing File: res://.godot/imported/gen_human_f_20.png-55381105097399f4e34a61f457c07445.ctex[39m[0m
[  32% ] [90m[1msavepack[22m | Storing File: res://assets/sprites/portraits_ai/gen_human_f_20.png.import[39m[0m
[  32% ] [90m[1msavepack[22m | Storing File: res://.godot/imported/gen_human_f_21.png-d3c23bc82bf9d01f42064d994468fd37.ctex[39m[0m
[  32% ] [90m[1msavepack[22m | Storing File: res://assets/sprites/portraits_ai/gen_human_f_21.png.import[39m[0m
[  33% ] [90m[1msavepack[22m | Storing File: res://.godot/imported/gen_human_f_22.png-36f9c73ecace800534614656c1a62f4a.ctex[39m[0m
[  33% ] [90m[1msavepack[22m | Storing File: res://assets/sprites/portraits_ai/gen_human_f_22.png.import[39m[0m
[  33% ] [90m[1msavepack[22m | Storing File: res://.godot/imported/gen_human_f_23.png-57895e43fc7b57ab7cb5accce7cbae72.ctex[39m[0m
[  33% ] [90m[1msavepack[22m | Storing File: res://assets/sprites/portraits_ai/gen_human_f_23.png.import[39m[0m
[  33% ] [90m[1msavepack[22m | Storing File: res://.godot/imported/gen_human_f_24.png-3c9c262197dfe67daca4409bbe711476.ctex[39m[0m
[  33% ] [90m[1msavepack[22m | Storing File: res://assets/sprites/portraits_ai/gen_human_f_24.png.import[39m[0m
[  33% ] [90m[1msavepack[22m | Storing File: res://.godot/imported/gen_human_f_25.png-ba9b5985d1d7d6265e16823e97e3835a.ctex[39m[0m
[  33% ] [90m[1msavepack[22m | Storing File: res://assets/sprites/portraits_ai/gen_human_f_25.png.import[39m[0m
[  33% ] [90m[1msavepack[22m | Storing File: res://.godot/imported/gen_human_f_26.png-ccc187286bf0b6c2265565e7e33b2e7a.ctex[39m[0m
[  33% ] [90m[1msavepack[22m | Storing File: res://assets/sprites/portraits_ai/gen_human_f_26.png.import[39m[0m
[  33% ] [90m[1msavepack[22m | Storing File: res://.godot/imported/gen_human_f_27.png-a20e2b57a1ee8da5562ed8f0a2e542b9.ctex[39m[0m
[  33% ] [90m[1msavepack[22m | Storing File: res://assets/sprites/portraits_ai/gen_human_f_27.png.import[39m[0m
[  33% ] [90m[1msavepack[22m | Storing File: res://.godot/imported/gen_human_f_28.png-05cbb1bd53bb669b701959bd837ed734.ctex[39m[0m
[  33% ] [90m[1msavepack[22m | Storing File: res://assets/sprites/portraits_ai/gen_human_f_28.png.import[39m[0m
[  33% ] [90m[1msavepack[22m | Storing File: res://.godot/imported/gen_human_f_29.png-86fc99d48c5913bd6845f198dd418fe8.ctex[39m[0m
[  33% ] [90m[1msavepack[22m | Storing File: res://assets/sprites/portraits_ai/gen_human_f_29.png.import[39m[0m
[  34% ] [90m[1msavepack[22m | Storing File: res://.godot/imported/gen_human_f_30.png-adf28b8a0c554ec4566276faa0f052af.ctex[39m[0m
[  34% ] [90m[1msavepack[22m | Storing File: res://assets/sprites/portraits_ai/gen_human_f_30.png.import[39m[0m
[  34% ] [90m[1msavepack[22m | Storing File: res://.godot/imported/gen_human_f_31.png-157bf7ef9228102dd3974aceebf815f6.ctex[39m[0m
[  34% ] [90m[1msavepack[22m | Storing File: res://assets/sprites/portraits_ai/gen_human_f_31.png.import[39m[0m
[  34% ] [90m[1msavepack[22m | Storing File: res://.godot/imported/gen_human_f_32.png-1e66325644a66e7481295a8da42c31f3.ctex[39m[0m
[  34% ] [90m[1msavepack[22m | Storing File: res://assets/sprites/portraits_ai/gen_human_f_32.png.import[39m[0m
[  34% ] [90m[1msavepack[22m | Storing File: res://.godot/imported/gen_human_f_33.png-7b3930f47e9810376496369d5111c3b6.ctex[39m[0m
[  34% ] [90m[1msavepack[22m | Storing File: res://assets/sprites/portraits_ai/gen_human_f_33.png.import[39m[0m
[  35% ] [90m[1msavepack[22m | Storing File: res://.godot/imported/gen_human_f_34.png-7920d5a84c579dfc1a6ed5ab17381a21.ctex[39m[0m
[  35% ] [90m[1msavepack[22m | Storing File: res://assets/sprites/portraits_ai/gen_human_f_34.png.import[39m[0m
[  35% ] [90m[1msavepack[22m | Storing File: res://.godot/imported/gen_human_f_35.png-1f3e3aa437ec4c2f9920da71c32b1ef2.ctex[39m[0m
[  35% ] [90m[1msavepack[22m | Storing File: res://assets/sprites/portraits_ai/gen_human_f_35.png.import[39m[0m
[  35% ] [90m[1msavepack[22m | Storing File: res://.godot/imported/gen_human_f_36.png-1bdb40349376526483070e6feb131bb5.ctex[39m[0m
[  35% ] [90m[1msavepack[22m | Storing File: res://assets/sprites/portraits_ai/gen_human_f_36.png.import[39m[0m
[  35% ] [90m[1msavepack[22m | Storing File: res://.godot/imported/gen_human_f_37.png-9ca909b6322df76457bd88fa0242b403.ctex[39m[0m
[  35% ] [90m[1msavepack[22m | Storing File: res://assets/sprites/portraits_ai/gen_human_f_37.png.import[39m[0m
[  36% ] [90m[1msavepack[22m | Storing File: res://.godot/imported/gen_human_f_38.png-f21aa61429b72fc348d9133779a8d9c8.ctex[39m[0m
[  36% ] [90m[1msavepack[22m | Storing File: res://assets/sprites/portraits_ai/gen_human_f_38.png.import[39m[0m
[  36% ] [90m[1msavepack[22m | Storing File: res://.godot/imported/gen_human_m_01.png-9fb08c811868395949ca3959ce1239e2.ctex[39m[0m
[  36% ] [90m[1msavepack[22m | Storing File: res://assets/sprites/portraits_ai/gen_human_m_01.png.import[39m[0m
[  36% ] [90m[1msavepack[22m | Storing File: res://.godot/imported/gen_human_m_02.png-f4a9266e1fc57b2d8900c232ae5abd41.ctex[39m[0m
[  36% ] [90m[1msavepack[22m | Storing File: res://assets/sprites/portraits_ai/gen_human_m_02.png.import[39m[0m
[  36% ] [90m[1msavepack[22m | Storing File: res://.godot/imported/gen_human_m_03.png-af56ba5f3914b6adc46d1755b3168b14.ctex[39m[0m
[  36% ] [90m[1msavepack[22m | Storing File: res://assets/sprites/portraits_ai/gen_human_m_03.png.import[39m[0m
[  37% ] [90m[1msavepack[22m | Storing File: res://.godot/imported/gen_human_m_04.png-4f4d5c1e4d702f57b3fe582c9b2a76bc.ctex[39m[0m
[  37% ] [90m[1msavepack[22m | Storing File: res://assets/sprites/portraits_ai/gen_human_m_04.png.import[39m[0m
[  37% ] [90m[1msavepack[22m | Storing File: res://.godot/imported/gen_human_m_05.png-5e1e05689e4917553f061a0534b3414a.ctex[39m[0m
[  37% ] [90m[1msavepack[22m | Storing File: res://assets/sprites/portraits_ai/gen_human_m_05.png.import[39m[0m
[  37% ] [90m[1msavepack[22m | Storing File: res://.godot/imported/gen_human_m_06.png-06895fffb6e50c27f9fe4fa1cb4731fb.ctex[39m[0m
[  37% ] [90m[1msavepack[22m | Storing File: res://assets/sprites/portraits_ai/gen_human_m_06.png.import[39m[0m
[  37% ] [90m[1msavepack[22m | Storing File: res://.godot/imported/gen_human_m_07.png-6dddae2a7c44bc8fe2df583b830961a2.ctex[39m[0m
[  37% ] [90m[1msavepack[22m | Storing File: res://assets/sprites/portraits_ai/gen_human_m_07.png.import[39m[0m
[  38% ] [90m[1msavepack[22m | Storing File: res://.godot/imported/gen_human_m_08.png-57e45bfb103ec1552149b2a132528cf4.ctex[39m[0m
[  38% ] [90m[1msavepack[22m | Storing File: res://assets/sprites/portraits_ai/gen_human_m_08.png.import[39m[0m
[  38% ] [90m[1msavepack[22m | Storing File: res://.godot/imported/gen_human_m_09.png-61af4893dd22da6e39d844275182d516.ctex[39m[0m
[  38% ] [90m[1msavepack[22m | Storing File: res://assets/sprites/portraits_ai/gen_human_m_09.png.import[39m[0m
[  38% ] [90m[1msavepack[22m | Storing File: res://.godot/imported/gen_human_m_10.png-88e3f3534b3e43384dc89e186f0cb29d.ctex[39m[0m
[  38% ] [90m[1msavepack[22m | Storing File: res://assets/sprites/portraits_ai/gen_human_m_10.png.import[39m[0m
[  38% ] [90m[1msavepack[22m | Storing File: res://.godot/imported/gen_human_m_11.png-38075ac72411d9300a1dc9cd8f1d3fdb.ctex[39m[0m
[  38% ] [90m[1msavepack[22m | Storing File: res://assets/sprites/portraits_ai/gen_human_m_11.png.import[39m[0m
[  39% ] [90m[1msavepack[22m | Storing File: res://.godot/imported/gen_human_m_12.png-8f3a1a52930c76f780e41c052f1af2ac.ctex[39m[0m
[  39% ] [90m[1msavepack[22m | Storing File: res://assets/sprites/portraits_ai/gen_human_m_12.png.import[39m[0m
[  39% ] [90m[1msavepack[22m | Storing File: res://.godot/imported/gen_human_m_13.png-4576be35d62b8fe2b03d50ae06956efa.ctex[39m[0m
[  39% ] [90m[1msavepack[22m | Storing File: res://assets/sprites/portraits_ai/gen_human_m_13.png.import[39m[0m
[  39% ] [90m[1msavepack[22m | Storing File: res://.godot/imported/gen_human_m_14.png-55db5ebd4b20ead2ca73258795939537.ctex[39m[0m
[  39% ] [90m[1msavepack[22m | Storing File: res://assets/sprites/portraits_ai/gen_human_m_14.png.import[39m[0m
[  39% ] [90m[1msavepack[22m | Storing File: res://.godot/imported/gen_human_m_15.png-12470aa46b7a84a4833bdb4b50bddb7f.ctex[39m[0m
[  39% ] [90m[1msavepack[22m | Storing File: res://assets/sprites/portraits_ai/gen_human_m_15.png.import[39m[0m
[  40% ] [90m[1msavepack[22m | Storing File: res://.godot/imported/gen_human_m_16.png-42458f700601a79bf9731210c02e49b4.ctex[39m[0m
[  40% ] [90m[1msavepack[22m | Storing File: res://assets/sprites/portraits_ai/gen_human_m_16.png.import[39m[0m
[  40% ] [90m[1msavepack[22m | Storing File: res://.godot/imported/gen_human_m_17.png-f213925f0fd54621b8ee519da4e2342b.ctex[39m[0m
[  40% ] [90m[1msavepack[22m | Storing File: res://assets/sprites/portraits_ai/gen_human_m_17.png.import[39m[0m
[  40% ] [90m[1msavepack[22m | Storing File: res://.godot/imported/gen_human_m_18.png-79f7ddff87ca665004832b86d3011df4.ctex[39m[0m
[  40% ] [90m[1msavepack[22m | Storing File: res://assets/sprites/portraits_ai/gen_human_m_18.png.import[39m[0m
[  40% ] [90m[1msavepack[22m | Storing File: res://.godot/imported/gen_human_m_19.png-88808eeccad8a3be44fab4b018dc5bc2.ctex[39m[0m
[  40% ] [90m[1msavepack[22m | Storing File: res://assets/sprites/portraits_ai/gen_human_m_19.png.import[39m[0m
[  40% ] [90m[1msavepack[22m | Storing File: res://.godot/imported/gen_human_m_20.png-54720783657141db7a6b37418789d3c7.ctex[39m[0m
[  40% ] [90m[1msavepack[22m | Storing File: res://assets/sprites/portraits_ai/gen_human_m_20.png.import[39m[0m
[  41% ] [90m[1msavepack[22m | Storing File: res://.godot/imported/gen_human_m_21.png-2024059250cf4194437e36bdcf3ed869.ctex[39m[0m
[  41% ] [90m[1msavepack[22m | Storing File: res://assets/sprites/portraits_ai/gen_human_m_21.png.import[39m[0m
[  41% ] [90m[1msavepack[22m | Storing File: res://.godot/imported/gen_human_m_22.png-7b86a0cf370440b60ab4cb34f885b85d.ctex[39m[0m
[  41% ] [90m[1msavepack[22m | Storing File: res://assets/sprites/portraits_ai/gen_human_m_22.png.import[39m[0m
[  41% ] [90m[1msavepack[22m | Storing File: res://.godot/imported/gen_human_m_23.png-f548ec1bb5594a817f5e3a6cbca26d92.ctex[39m[0m
[  41% ] [90m[1msavepack[22m | Storing File: res://assets/sprites/portraits_ai/gen_human_m_23.png.import[39m[0m
[  41% ] [90m[1msavepack[22m | Storing File: res://.godot/imported/gen_human_m_24.png-ee1a8aebd0676e8899061c765e1c95a5.ctex[39m[0m
[  41% ] [90m[1msavepack[22m | Storing File: res://assets/sprites/portraits_ai/gen_human_m_24.png.import[39m[0m
[  42% ] [90m[1msavepack[22m | Storing File: res://.godot/imported/gen_human_m_25.png-e5e41edbadcd01c613e61bca708b86fd.ctex[39m[0m
[  42% ] [90m[1msavepack[22m | Storing File: res://assets/sprites/portraits_ai/gen_human_m_25.png.import[39m[0m
[  42% ] [90m[1msavepack[22m | Storing File: res://.godot/imported/gen_human_m_26.png-9f39421f9bb0563c4a65636118faa221.ctex[39m[0m
[  42% ] [90m[1msavepack[22m | Storing File: res://assets/sprites/portraits_ai/gen_human_m_26.png.import[39m[0m
[  42% ] [90m[1msavepack[22m | Storing File: res://.godot/imported/gen_human_m_27.png-c93c7618082d92681cf0e99997d26163.ctex[39m[0m
[  42% ] [90m[1msavepack[22m | Storing File: res://assets/sprites/portraits_ai/gen_human_m_27.png.import[39m[0m
[  42% ] [90m[1msavepack[22m | Storing File: res://.godot/imported/gen_human_m_28.png-9e830e5c8f2b84c317c4b18d838e8c10.ctex[39m[0m
[  42% ] [90m[1msavepack[22m | Storing File: res://assets/sprites/portraits_ai/gen_human_m_28.png.import[39m[0m
[  43% ] [90m[1msavepack[22m | Storing File: res://.godot/imported/gen_human_m_29.png-6a70e28aee5b577774f31e9047d9b94d.ctex[39m[0m
[  43% ] [90m[1msavepack[22m | Storing File: res://assets/sprites/portraits_ai/gen_human_m_29.png.import[39m[0m
[  43% ] [90m[1msavepack[22m | Storing File: res://.godot/imported/gen_human_m_30.png-8787d62e00649ffdc3e2019263c00649.ctex[39m[0m
[  43% ] [90m[1msavepack[22m | Storing File: res://assets/sprites/portraits_ai/gen_human_m_30.png.import[39m[0m
[  43% ] [90m[1msavepack[22m | Storing File: res://.godot/imported/gen_human_m_31.png-96045a614abe84fcf57a946b44a9191f.ctex[39m[0m
[  43% ] [90m[1msavepack[22m | Storing File: res://assets/sprites/portraits_ai/gen_human_m_31.png.import[39m[0m
[  43% ] [90m[1msavepack[22m | Storing File: res://.godot/imported/gen_human_m_32.png-9c67bd9cbfc283109b8b8f53af4ad1c0.ctex[39m[0m
[  43% ] [90m[1msavepack[22m | Storing File: res://assets/sprites/portraits_ai/gen_human_m_32.png.import[39m[0m
[  44% ] [90m[1msavepack[22m | Storing File: res://.godot/imported/gen_human_m_33.png-c997cd9fd9a04663b2c16a6ab8d3f7f5.ctex[39m[0m
[  44% ] [90m[1msavepack[22m | Storing File: res://assets/sprites/portraits_ai/gen_human_m_33.png.import[39m[0m
[  44% ] [90m[1msavepack[22m | Storing File: res://.godot/imported/gen_human_m_34.png-552eb690a059ddc0e872c768b70dfe5a.ctex[39m[0m
[  44% ] [90m[1msavepack[22m | Storing File: res://assets/sprites/portraits_ai/gen_human_m_34.png.import[39m[0m
[  44% ] [90m[1msavepack[22m | Storing File: res://.godot/imported/gen_human_m_35.png-67f25a09f815b1dcfd84a4166b691cb3.ctex[39m[0m
[  44% ] [90m[1msavepack[22m | Storing File: res://assets/sprites/portraits_ai/gen_human_m_35.png.import[39m[0m
[  44% ] [90m[1msavepack[22m | Storing File: res://.godot/imported/gen_human_m_36.png-3ae5dd28713375b858109636a2582467.ctex[39m[0m
[  44% ] [90m[1msavepack[22m | Storing File: res://assets/sprites/portraits_ai/gen_human_m_36.png.import[39m[0m
[  45% ] [90m[1msavepack[22m | Storing File: res://.godot/imported/gen_human_m_37.png-63bdddbd29cd1256165602646eead794.ctex[39m[0m
[  45% ] [90m[1msavepack[22m | Storing File: res://assets/sprites/portraits_ai/gen_human_m_37.png.import[39m[0m
[  45% ] [90m[1msavepack[22m | Storing File: res://.godot/imported/gen_human_m_38.png-cd5d910e95c21265c09eecde1b73637e.ctex[39m[0m
[  45% ] [90m[1msavepack[22m | Storing File: res://assets/sprites/portraits_ai/gen_human_m_38.png.import[39m[0m
[  45% ] [90m[1msavepack[22m | Storing File: res://.godot/imported/gen_human_m_39.png-bb16d0dbf4af920db6065b862bb71845.ctex[39m[0m
[  45% ] [90m[1msavepack[22m | Storing File: res://assets/sprites/portraits_ai/gen_human_m_39.png.import[39m[0m
[  45% ] [90m[1msavepack[22m | Storing File: res://.godot/imported/gen_human_m_40.png-70aa6519231f4a0a010623963759f8bd.ctex[39m[0m
[  45% ] [90m[1msavepack[22m | Storing File: res://assets/sprites/portraits_ai/gen_human_m_40.png.import[39m[0m
[  46% ] [90m[1msavepack[22m | Storing File: res://.godot/imported/gen_human_m_41.png-d42658c1cece44710daf5bdf4ad13b48.ctex[39m[0m
[  46% ] [90m[1msavepack[22m | Storing File: res://assets/sprites/portraits_ai/gen_human_m_41.png.import[39m[0m
[  46% ] [90m[1msavepack[22m | Storing File: res://.godot/imported/gen_human_m_42.png-0c11043262dfea42c462a5e89dc4cddb.ctex[39m[0m
[  46% ] [90m[1msavepack[22m | Storing File: res://assets/sprites/portraits_ai/gen_human_m_42.png.import[39m[0m
[  46% ] [90m[1msavepack[22m | Storing File: res://.godot/imported/gen_human_m_43.png-bd3fb6ff86404d08a6afa69e3278a425.ctex[39m[0m
[  46% ] [90m[1msavepack[22m | Storing File: res://assets/sprites/portraits_ai/gen_human_m_43.png.import[39m[0m
[  46% ] [90m[1msavepack[22m | Storing File: res://.godot/imported/gen_human_m_44.png-3dcf9d97401369786d53869fbaf4d526.ctex[39m[0m
[  46% ] [90m[1msavepack[22m | Storing File: res://assets/sprites/portraits_ai/gen_human_m_44.png.import[39m[0m
[  47% ] [90m[1msavepack[22m | Storing File: res://.godot/imported/gen_human_m_45.png-a93c0d4f424da7d04c89b6728ae1a64f.ctex[39m[0m
[  47% ] [90m[1msavepack[22m | Storing File: res://assets/sprites/portraits_ai/gen_human_m_45.png.import[39m[0m
[  47% ] [90m[1msavepack[22m | Storing File: res://.godot/imported/gen_human_m_46.png-b719ba9a5307c6ad5070d7513e9218e0.ctex[39m[0m
[  47% ] [90m[1msavepack[22m | Storing File: res://assets/sprites/portraits_ai/gen_human_m_46.png.import[39m[0m
[  47% ] [90m[1msavepack[22m | Storing File: res://.godot/imported/gen_human_m_47.png-6e7d5982233d9e35654d81c69e873e44.ctex[39m[0m
[  47% ] [90m[1msavepack[22m | Storing File: res://assets/sprites/portraits_ai/gen_human_m_47.png.import[39m[0m
[  47% ] [90m[1msavepack[22m | Storing File: res://.godot/imported/gen_human_m_48.png-9198258c431eb9e2b98714c65bf9b5a8.ctex[39m[0m
[  47% ] [90m[1msavepack[22m | Storing File: res://assets/sprites/portraits_ai/gen_human_m_48.png.import[39m[0m
[  48% ] [90m[1msavepack[22m | Storing File: res://.godot/imported/gen_human_m_49.png-ad62a29ab07ccf06b9a9cfb95c16ef1f.ctex[39m[0m
[  48% ] [90m[1msavepack[22m | Storing File: res://assets/sprites/portraits_ai/gen_human_m_49.png.import[39m[0m
[  48% ] [90m[1msavepack[22m | Storing File: res://.godot/imported/gen_human_m_50.png-b3dbe12e312f175ee4ae6bea3208f322.ctex[39m[0m
[  48% ] [90m[1msavepack[22m | Storing File: res://assets/sprites/portraits_ai/gen_human_m_50.png.import[39m[0m
[  48% ] [90m[1msavepack[22m | Storing File: res://.godot/imported/gen_human_m_51.png-5fffbb65f9db94961b3d4ce586f72900.ctex[39m[0m
[  48% ] [90m[1msavepack[22m | Storing File: res://assets/sprites/portraits_ai/gen_human_m_51.png.import[39m[0m
[  48% ] [90m[1msavepack[22m | Storing File: res://.godot/imported/gen_human_m_52.png-d45dfc1019359fc23fc874dcea8e06a3.ctex[39m[0m
[  48% ] [90m[1msavepack[22m | Storing File: res://assets/sprites/portraits_ai/gen_human_m_52.png.import[39m[0m
[  49% ] [90m[1msavepack[22m | Storing File: res://.godot/imported/gen_human_m_53.png-5209ca83a0fce2b6921a6ac82f06f11a.ctex[39m[0m
[  49% ] [90m[1msavepack[22m | Storing File: res://assets/sprites/portraits_ai/gen_human_m_53.png.import[39m[0m
[  49% ] [90m[1msavepack[22m | Storing File: res://.godot/imported/gen_human_m_54.png-dda1185903edca5c051be3e1adb9bce1.ctex[39m[0m
[  49% ] [90m[1msavepack[22m | Storing File: res://assets/sprites/portraits_ai/gen_human_m_54.png.import[39m[0m
[  49% ] [90m[1msavepack[22m | Storing File: res://.godot/imported/gen_human_m_55.png-074e94747a8f9d4126b4b361007b63a5.ctex[39m[0m
[  49% ] [90m[1msavepack[22m | Storing File: res://assets/sprites/portraits_ai/gen_human_m_55.png.import[39m[0m
[  49% ] [90m[1msavepack[22m | Storing File: res://.godot/imported/named_aerien.png-4f51ba5abe42256a5ef01239fcdd1528.ctex[39m[0m
[  49% ] [90m[1msavepack[22m | Storing File: res://assets/sprites/portraits_ai/named_aerien.png.import[39m[0m
[  50% ] [90m[1msavepack[22m | Storing File: res://.godot/imported/named_aurelia.png-184f0638e81718cb8891fa72354c9634.ctex[39m[0m
[  50% ] [90m[1msavepack[22m | Storing File: res://assets/sprites/portraits_ai/named_aurelia.png.import[39m[0m
[  50% ] [90m[1msavepack[22m | Storing File: res://.godot/imported/named_barto.png-052cf93f1c62974093f698f21d14f311.ctex[39m[0m
[  50% ] [90m[1msavepack[22m | Storing File: res://assets/sprites/portraits_ai/named_barto.png.import[39m[0m
[  50% ] [90m[1msavepack[22m | Storing File: res://.godot/imported/named_bron.png-3c1329e5cd26c72763aaf2d0f9ca54cb.ctex[39m[0m
[  50% ] [90m[1msavepack[22m | Storing File: res://assets/sprites/portraits_ai/named_bron.png.import[39m[0m
[  50% ] [90m[1msavepack[22m | Storing File: res://.godot/imported/named_cassian.png-2aa77365f2c18cc7b7c5b1dac3c0e4ad.ctex[39m[0m
[  50% ] [90m[1msavepack[22m | Storing File: res://assets/sprites/portraits_ai/named_cassian.png.import[39m[0m
[  50% ] [90m[1msavepack[22m | Storing File: res://.godot/imported/named_celestine.png-ffe796642a0a5aff11bb8a50c9da3b9b.ctex[39m[0m
[  50% ] [90m[1msavepack[22m | Storing File: res://assets/sprites/portraits_ai/named_celestine.png.import[39m[0m
[  51% ] [90m[1msavepack[22m | Storing File: res://.godot/imported/named_drun.png-16c713efa8b73673991ffa44e8c80259.ctex[39m[0m
[  51% ] [90m[1msavepack[22m | Storing File: res://assets/sprites/portraits_ai/named_drun.png.import[39m[0m
[  51% ] [90m[1msavepack[22m | Storing File: res://.godot/imported/named_eirin.png-a6348a6417638c8b810c52d96a6f96fb.ctex[39m[0m
[  51% ] [90m[1msavepack[22m | Storing File: res://assets/sprites/portraits_ai/named_eirin.png.import[39m[0m
[  51% ] [90m[1msavepack[22m | Storing File: res://.godot/imported/named_enrico.png-51bd33ab97e45409d4f00c6f5685f123.ctex[39m[0m
[  51% ] [90m[1msavepack[22m | Storing File: res://assets/sprites/portraits_ai/named_enrico.png.import[39m[0m
[  51% ] [90m[1msavepack[22m | Storing File: res://.godot/imported/named_felix.png-d20d8fb4707a47f8cfcd117ba929dc92.ctex[39m[0m
[  51% ] [90m[1msavepack[22m | Storing File: res://assets/sprites/portraits_ai/named_felix.png.import[39m[0m
[  52% ] [90m[1msavepack[22m | Storing File: res://.godot/imported/named_gabriel.png-40bc81af8896adb59101601cd9c0980c.ctex[39m[0m
[  52% ] [90m[1msavepack[22m | Storing File: res://assets/sprites/portraits_ai/named_gabriel.png.import[39m[0m
[  52% ] [90m[1msavepack[22m | Storing File: res://.godot/imported/named_gumnir.png-087b71afb813fec57730308ac121384a.ctex[39m[0m
[  52% ] [90m[1msavepack[22m | Storing File: res://assets/sprites/portraits_ai/named_gumnir.png.import[39m[0m
[  52% ] [90m[1msavepack[22m | Storing File: res://.godot/imported/named_hagrida.png-d2adfe1519455674d8b1455086b76c9a.ctex[39m[0m
[  52% ] [90m[1msavepack[22m | Storing File: res://assets/sprites/portraits_ai/named_hagrida.png.import[39m[0m
[  52% ] [90m[1msavepack[22m | Storing File: res://.godot/imported/named_hugues.png-5826cee3e51a2008cb567caf6369b784.ctex[39m[0m
[  52% ] [90m[1msavepack[22m | Storing File: res://assets/sprites/portraits_ai/named_hugues.png.import[39m[0m
[  53% ] [90m[1msavepack[22m | Storing File: res://.godot/imported/named_isabelle.png-dafd09a32b7e43ecabbed0f1d75d3d75.ctex[39m[0m
[  53% ] [90m[1msavepack[22m | Storing File: res://assets/sprites/portraits_ai/named_isabelle.png.import[39m[0m
[  53% ] [90m[1msavepack[22m | Storing File: res://.godot/imported/named_kiki.png-5c3e10a0887b45ae074e02bf5a5f3747.ctex[39m[0m
[  53% ] [90m[1msavepack[22m | Storing File: res://assets/sprites/portraits_ai/named_kiki.png.import[39m[0m
[  53% ] [90m[1msavepack[22m | Storing File: res://.godot/imported/named_leopold.png-b61461ddfff20ee7343c65fc729e4488.ctex[39m[0m
[  53% ] [90m[1msavepack[22m | Storing File: res://assets/sprites/portraits_ai/named_leopold.png.import[39m[0m
[  53% ] [90m[1msavepack[22m | Storing File: res://.godot/imported/named_lucia.png-aa9be0959ea4fb42d9b32af788211f31.ctex[39m[0m
[  53% ] [90m[1msavepack[22m | Storing File: res://assets/sprites/portraits_ai/named_lucia.png.import[39m[0m
[  54% ] [90m[1msavepack[22m | Storing File: res://.godot/imported/named_marcus.png-e8bc9895b3dbbecfcc46df7d255dc2db.ctex[39m[0m
[  54% ] [90m[1msavepack[22m | Storing File: res://assets/sprites/portraits_ai/named_marcus.png.import[39m[0m
[  54% ] [90m[1msavepack[22m | Storing File: res://.godot/imported/named_martin.png-00b6016263c0d7d032c703b807b7332c.ctex[39m[0m
[  54% ] [90m[1msavepack[22m | Storing File: res://assets/sprites/portraits_ai/named_martin.png.import[39m[0m
[  54% ] [90m[1msavepack[22m | Storing File: res://.godot/imported/named_mirabel.png-97e2b59d6cea5443f1f06b8f6e3c6706.ctex[39m[0m
[  54% ] [90m[1msavepack[22m | Storing File: res://assets/sprites/portraits_ai/named_mirabel.png.import[39m[0m
[  54% ] [90m[1msavepack[22m | Storing File: res://.godot/imported/named_naila.png-b24ecdd05afb6b354927e7597cda859b.ctex[39m[0m
[  54% ] [90m[1msavepack[22m | Storing File: res://assets/sprites/portraits_ai/named_naila.png.import[39m[0m
[  55% ] [90m[1msavepack[22m | Storing File: res://.godot/imported/named_nina.png-425740de33d67c86f13f4fc8c8c95aa4.ctex[39m[0m
[  55% ] [90m[1msavepack[22m | Storing File: res://assets/sprites/portraits_ai/named_nina.png.import[39m[0m
[  55% ] [90m[1msavepack[22m | Storing File: res://.godot/imported/named_oscar.png-ffc1e698d9872cf3be852c7249d1a6a4.ctex[39m[0m
[  55% ] [90m[1msavepack[22m | Storing File: res://assets/sprites/portraits_ai/named_oscar.png.import[39m[0m
[  55% ] [90m[1msavepack[22m | Storing File: res://.godot/imported/named_paolo.png-6555b41b7743fc86e6eb6c2ecc3c5ecf.ctex[39m[0m
[  55% ] [90m[1msavepack[22m | Storing File: res://assets/sprites/portraits_ai/named_paolo.png.import[39m[0m
[  55% ] [90m[1msavepack[22m | Storing File: res://.godot/imported/named_rian.png-6678ad2a07c43cdb50ec7c7845350ca2.ctex[39m[0m
[  55% ] [90m[1msavepack[22m | Storing File: res://assets/sprites/portraits_ai/named_rian.png.import[39m[0m
[  56% ] [90m[1msavepack[22m | Storing File: res://.godot/imported/named_rowgan.png-60031cd7ee41a0a53c5c35316d736d9d.ctex[39m[0m
[  56% ] [90m[1msavepack[22m | Storing File: res://assets/sprites/portraits_ai/named_rowgan.png.import[39m[0m
[  56% ] [90m[1msavepack[22m | Storing File: res://.godot/imported/named_sylphie.png-d7a8f64babdc3baf91da5a00d4e5f93c.ctex[39m[0m
[  56% ] [90m[1msavepack[22m | Storing File: res://assets/sprites/portraits_ai/named_sylphie.png.import[39m[0m
[  56% ] [90m[1msavepack[22m | Storing File: res://.godot/imported/named_theo.png-728696283682101288f47a9a18f9ed97.ctex[39m[0m
[  56% ] [90m[1msavepack[22m | Storing File: res://assets/sprites/portraits_ai/named_theo.png.import[39m[0m
[  56% ] [90m[1msavepack[22m | Storing File: res://.godot/imported/named_torvi.png-c7f471e23d3f817081237453d5efb502.ctex[39m[0m
[  56% ] [90m[1msavepack[22m | Storing File: res://assets/sprites/portraits_ai/named_torvi.png.import[39m[0m
[  57% ] [90m[1msavepack[22m | Storing File: res://.godot/imported/mon_beholder.png-9e161b2895a958add9109c7bac4a0628.ctex[39m[0m
[  57% ] [90m[1msavepack[22m | Storing File: res://assets/sprites/units/mon_beholder.png.import[39m[0m
[  57% ] [90m[1msavepack[22m | Storing File: res://.godot/imported/mon_black_dragon.png-bb1d338162b9fed34f29c1e27faa47c6.ctex[39m[0m
[  57% ] [90m[1msavepack[22m | Storing File: res://assets/sprites/units/mon_black_dragon.png.import[39m[0m
[  57% ] [90m[1msavepack[22m | Storing File: res://.godot/imported/mon_chimera.png-615e4fbcedbe3cb46334f8ea40a7cfaa.ctex[39m[0m
[  57% ] [90m[1msavepack[22m | Storing File: res://assets/sprites/units/mon_chimera.png.import[39m[0m
[  57% ] [90m[1msavepack[22m | Storing File: res://.godot/imported/mon_displacer_beast.png-dfbf14fa9c19d11be57f32074484b6e2.ctex[39m[0m
[  57% ] [90m[1msavepack[22m | Storing File: res://assets/sprites/units/mon_displacer_beast.png.import[39m[0m
[  58% ] [90m[1msavepack[22m | Storing File: res://.godot/imported/mon_flame_salamander.png-880f57ebbb6efe1a046679db765a2153.ctex[39m[0m
[  58% ] [90m[1msavepack[22m | Storing File: res://assets/sprites/units/mon_flame_salamander.png.import[39m[0m
[  58% ] [90m[1msavepack[22m | Storing File: res://.godot/imported/mon_frost_salamander.png-77f54b23ad7c020ff9a975180ea4aaa8.ctex[39m[0m
[  58% ] [90m[1msavepack[22m | Storing File: res://assets/sprites/units/mon_frost_salamander.png.import[39m[0m
[  58% ] [90m[1msavepack[22m | Storing File: res://.godot/imported/mon_gargoyle.png-204bb2b84fa482b843283bda8ad0be34.ctex[39m[0m
[  58% ] [90m[1msavepack[22m | Storing File: res://assets/sprites/units/mon_gargoyle.png.import[39m[0m
[  58% ] [90m[1msavepack[22m | Storing File: res://.godot/imported/mon_ghoul.png-3300524d33b26dad1ca84b3f212987df.ctex[39m[0m
[  58% ] [90m[1msavepack[22m | Storing File: res://assets/sprites/units/mon_ghoul.png.import[39m[0m
[  59% ] [90m[1msavepack[22m | Storing File: res://.godot/imported/mon_giant_beetle.png-ed1cbcf7c8e3f0d5e075775346d829ab.ctex[39m[0m
[  59% ] [90m[1msavepack[22m | Storing File: res://assets/sprites/units/mon_giant_beetle.png.import[39m[0m
[  59% ] [90m[1msavepack[22m | Storing File: res://.godot/imported/mon_giant_scorpion.png-62f677111f81e246a02ce9d641101973.ctex[39m[0m
[  59% ] [90m[1msavepack[22m | Storing File: res://assets/sprites/units/mon_giant_scorpion.png.import[39m[0m
[  59% ] [90m[1msavepack[22m | Storing File: res://.godot/imported/mon_gnoll.png-f9e7b8ca2cd64736313117b67c1e2939.ctex[39m[0m
[  59% ] [90m[1msavepack[22m | Storing File: res://assets/sprites/units/mon_gnoll.png.import[39m[0m
[  59% ] [90m[1msavepack[22m | Storing File: res://.godot/imported/mon_gnoll_archer.png-9510caa0badc90214954dfb3a61206b6.ctex[39m[0m
[  59% ] [90m[1msavepack[22m | Storing File: res://assets/sprites/units/mon_gnoll_archer.png.import[39m[0m
[  60% ] [90m[1msavepack[22m | Storing File: res://.godot/imported/mon_goblin.png-0c13aa338621a9f434ff1d062c50112c.ctex[39m[0m
[  60% ] [90m[1msavepack[22m | Storing File: res://assets/sprites/units/mon_goblin.png.import[39m[0m
[  60% ] [90m[1msavepack[22m | Storing File: res://.godot/imported/mon_goblin_cart.png-294f46d7ac04e7529f50b234b555d119.ctex[39m[0m
[  60% ] [90m[1msavepack[22m | Storing File: res://assets/sprites/units/mon_goblin_cart.png.import[39m[0m
[  60% ] [90m[1msavepack[22m | Storing File: res://.godot/imported/mon_green_dragon.png-a0ac53250f7e7a861ac839afa2d9557c.ctex[39m[0m
[  60% ] [90m[1msavepack[22m | Storing File: res://assets/sprites/units/mon_green_dragon.png.import[39m[0m
[  60% ] [90m[1msavepack[22m | Storing File: res://.godot/imported/mon_harpy.png-6e54709b7b4ed5ca937e4c39f6376211.ctex[39m[0m
[  60% ] [90m[1msavepack[22m | Storing File: res://assets/sprites/units/mon_harpy.png.import[39m[0m
[  60% ] [90m[1msavepack[22m | Storing File: res://.godot/imported/mon_hellhound.png-faa71e478605ba8d598c9388cf0c9f34.ctex[39m[0m
[  60% ] [90m[1msavepack[22m | Storing File: res://assets/sprites/units/mon_hellhound.png.import[39m[0m
[  61% ] [90m[1msavepack[22m | Storing File: res://.godot/imported/mon_kobold.png-af580faeefafbbbe55a6be6e85c385c3.ctex[39m[0m
[  61% ] [90m[1msavepack[22m | Storing File: res://assets/sprites/units/mon_kobold.png.import[39m[0m
[  61% ] [90m[1msavepack[22m | Storing File: res://.godot/imported/mon_lich.png-997e440d8fd77454686d12491d5c4e65.ctex[39m[0m
[  61% ] [90m[1msavepack[22m | Storing File: res://assets/sprites/units/mon_lich.png.import[39m[0m
[  61% ] [90m[1msavepack[22m | Storing File: res://.godot/imported/mon_manticore.png-33e5cb562e13e2031396646c210bd01b.ctex[39m[0m
[  61% ] [90m[1msavepack[22m | Storing File: res://assets/sprites/units/mon_manticore.png.import[39m[0m
[  61% ] [90m[1msavepack[22m | Storing File: res://.godot/imported/mon_man_scorpion.png-24c65c6603db85fc3f988ab28605b01a.ctex[39m[0m
[  61% ] [90m[1msavepack[22m | Storing File: res://assets/sprites/units/mon_man_scorpion.png.import[39m[0m
[  62% ] [90m[1msavepack[22m | Storing File: res://.godot/imported/mon_nagpa.png-274f462b27ee9e2212b6cdcfc6c85247.ctex[39m[0m
[  62% ] [90m[1msavepack[22m | Storing File: res://assets/sprites/units/mon_nagpa.png.import[39m[0m
[  62% ] [90m[1msavepack[22m | Storing File: res://.godot/imported/mon_ogre.png-4a2f0d8139c9c9da5838dead0c48f921.ctex[39m[0m
[  62% ] [90m[1msavepack[22m | Storing File: res://assets/sprites/units/mon_ogre.png.import[39m[0m
[  62% ] [90m[1msavepack[22m | Storing File: res://.godot/imported/mon_owlbear.png-c6e3fc9a9cd7a81261ba3b6a782cd612.ctex[39m[0m
[  62% ] [90m[1msavepack[22m | Storing File: res://assets/sprites/units/mon_owlbear.png.import[39m[0m
[  62% ] [90m[1msavepack[22m | Storing File: res://.godot/imported/mon_red_dragon.png-d823b3ac0741da920754379e7e94c627.ctex[39m[0m
[  62% ] [90m[1msavepack[22m | Storing File: res://assets/sprites/units/mon_red_dragon.png.import[39m[0m
[  63% ] [90m[1msavepack[22m | Storing File: res://.godot/imported/mon_skeleton.png-9eba111500868199200b72b515b8267b.ctex[39m[0m
[  63% ] [90m[1msavepack[22m | Storing File: res://assets/sprites/units/mon_skeleton.png.import[39m[0m
[  63% ] [90m[1msavepack[22m | Storing File: res://.godot/imported/mon_troglodyte.png-e5fc211a26bf3e1b88c39bc987e41056.ctex[39m[0m
[  63% ] [90m[1msavepack[22m | Storing File: res://assets/sprites/units/mon_troglodyte.png.import[39m[0m
[  63% ] [90m[1msavepack[22m | Storing File: res://.godot/imported/mon_war_machine.png-b63cd62a41a22cc192d5df9ab719287b.ctex[39m[0m
[  63% ] [90m[1msavepack[22m | Storing File: res://assets/sprites/units/mon_war_machine.png.import[39m[0m
[  63% ] [90m[1msavepack[22m | Storing File: res://.godot/imported/mon_wyvern.png-a81a4c707710f37c52d04e000e2531c8.ctex[39m[0m
[  63% ] [90m[1msavepack[22m | Storing File: res://assets/sprites/units/mon_wyvern.png.import[39m[0m
[  64% ] [90m[1msavepack[22m | Storing File: res://.godot/imported/unit_archer.png-8414bc9e93fdbe66cf83a87e319aa8f6.ctex[39m[0m
[  64% ] [90m[1msavepack[22m | Storing File: res://assets/sprites/units/unit_archer.png.import[39m[0m
[  64% ] [90m[1msavepack[22m | Storing File: res://.godot/imported/unit_cavalry.png-6d08685b34b3a972d02e36338b5152d6.ctex[39m[0m
[  64% ] [90m[1msavepack[22m | Storing File: res://assets/sprites/units/unit_cavalry.png.import[39m[0m
[  64% ] [90m[1msavepack[22m | Storing File: res://.godot/imported/unit_infantry.png-95e522a96210aaceb83eb1664b366b53.ctex[39m[0m
[  64% ] [90m[1msavepack[22m | Storing File: res://assets/sprites/units/unit_infantry.png.import[39m[0m
[  64% ] [90m[1msavepack[22m | Storing File: res://.godot/imported/unit_mage.png-87e8d2b741cab1b030a012ee1becca54.ctex[39m[0m
[  64% ] [90m[1msavepack[22m | Storing File: res://assets/sprites/units/unit_mage.png.import[39m[0m
[  65% ] [90m[1msavepack[22m | Storing File: res://.godot/imported/unit_siege.png-0cb4d032be7c228944e1e8e9d5c9c1a8.ctex[39m[0m
[  65% ] [90m[1msavepack[22m | Storing File: res://assets/sprites/units/unit_siege.png.import[39m[0m
[  65% ] [90m[1msavepack[22m | Storing File: res://assets/manifest.json[39m[0m
[  65% ] [90m[1msavepack[22m | Storing File: res://core/asset_registry.gdc[39m[0m
[  65% ] [90m[1msavepack[22m | Storing File: res://core/data_db.gdc[39m[0m
[  66% ] [90m[1msavepack[22m | Storing File: res://core/event_bus.gdc[39m[0m
[  66% ] [90m[1msavepack[22m | Storing File: res://core/game_state.gdc[39m[0m
[  66% ] [90m[1msavepack[22m | Storing File: res://core/rng.gdc[39m[0m
[  66% ] [90m[1msavepack[22m | Storing File: res://core/save_manager.gdc[39m[0m
[  66% ] [90m[1msavepack[22m | Storing File: res://core/settings.gdc[39m[0m
[  66% ] [90m[1msavepack[22m | Storing File: res://core/time_manager.gdc[39m[0m
[  66% ] [90m[1msavepack[22m | Storing File: res://data/events/career.json[39m[0m
[  66% ] [90m[1msavepack[22m | Storing File: res://data/events/origins.json[39m[0m
[  67% ] [90m[1msavepack[22m | Storing File: res://data/events/people.json[39m[0m
[  67% ] [90m[1msavepack[22m | Storing File: res://data/events/tavern.json[39m[0m
[  67% ] [90m[1msavepack[22m | Storing File: res://data/events/world.json[39m[0m
[  67% ] [90m[1msavepack[22m | Storing File: res://data/names/beastkin.json[39m[0m
[  68% ] [90m[1msavepack[22m | Storing File: res://data/names/dwarf.json[39m[0m
[  68% ] [90m[1msavepack[22m | Storing File: res://data/names/elf.json[39m[0m
[  68% ] [90m[1msavepack[22m | Storing File: res://data/names/halfling.json[39m[0m
[  68% ] [90m[1msavepack[22m | Storing File: res://data/names/human.json[39m[0m
[  69% ] [90m[1msavepack[22m | Storing File: res://data/backgrounds.json[39m[0m
[  69% ] [90m[1msavepack[22m | Storing File: res://data/balance.json[39m[0m
[  69% ] [90m[1msavepack[22m | Storing File: res://data/battle_maps.json[39m[0m
[  69% ] [90m[1msavepack[22m | Storing File: res://data/career.json[39m[0m
[  69% ] [90m[1msavepack[22m | Storing File: res://data/cities.json[39m[0m
[  70% ] [90m[1msavepack[22m | Storing File: res://data/diplomacy.json[39m[0m
[  70% ] [90m[1msavepack[22m | Storing File: res://data/family.json[39m[0m
[  70% ] [90m[1msavepack[22m | Storing File: res://data/guild.json[39m[0m
[  70% ] [90m[1msavepack[22m | Storing File: res://data/items.json[39m[0m
[  71% ] [90m[1msavepack[22m | Storing File: res://data/monsters.json[39m[0m
[  71% ] [90m[1msavepack[22m | Storing File: res://data/nations.json[39m[0m
[  71% ] [90m[1msavepack[22m | Storing File: res://data/officers.json[39m[0m
[  71% ] [90m[1msavepack[22m | Storing File: res://data/officer_gen.json[39m[0m
[  72% ] [90m[1msavepack[22m | Storing File: res://data/portraits.json[39m[0m
[  72% ] [90m[1msavepack[22m | Storing File: res://data/races.json[39m[0m
[  72% ] [90m[1msavepack[22m | Storing File: res://data/race_affinity.json[39m[0m
[  72% ] [90m[1msavepack[22m | Storing File: res://data/ranks.json[39m[0m
[  73% ] [90m[1msavepack[22m | Storing File: res://data/skills.json[39m[0m
[  73% ] [90m[1msavepack[22m | Storing File: res://data/terrain.json[39m[0m
[  73% ] [90m[1msavepack[22m | Storing File: res://data/unit_types.json[39m[0m
[  73% ] [90m[1msavepack[22m | Storing File: res://data/war.json[39m[0m
[  74% ] [90m[1msavepack[22m | Storing File: res://localization/strings.csv.import[39m[0m
[  74% ] [90m[1msavepack[22m | Storing File: res://localization/strings.ko.translation[39m[0m
[  74% ] [90m[1msavepack[22m | Storing File: res://systems/actions/accept_quest_action.gdc[39m[0m
[  74% ] [90m[1msavepack[22m | Storing File: res://systems/actions/actions.gdc[39m[0m
[  75% ] [90m[1msavepack[22m | Storing File: res://systems/actions/buy_action.gdc[39m[0m
[  75% ] [90m[1msavepack[22m | Storing File: res://systems/actions/confess_action.gdc[39m[0m
[  75% ] [90m[1msavepack[22m | Storing File: res://systems/actions/conquest_action.gdc[39m[0m
[  75% ] [90m[1msavepack[22m | Storing File: res://systems/actions/declare_independence_action.gdc[39m[0m
[  76% ] [90m[1msavepack[22m | Storing File: res://systems/actions/dismiss_action.gdc[39m[0m
[  76% ] [90m[1msavepack[22m | Storing File: res://systems/actions/form_company_action.gdc[39m[0m
[  76% ] [90m[1msavepack[22m | Storing File: res://systems/actions/game_action.gdc[39m[0m
[  76% ] [90m[1msavepack[22m | Storing File: res://systems/actions/govern_action.gdc[39m[0m
[  77% ] [90m[1msavepack[22m | Storing File: res://systems/actions/hire_action.gdc[39m[0m
[  77% ] [90m[1msavepack[22m | Storing File: res://systems/actions/hire_officer_action.gdc[39m[0m
[  77% ] [90m[1msavepack[22m | Storing File: res://systems/actions/interact_action.gdc[39m[0m
[  77% ] [90m[1msavepack[22m | Storing File: res://systems/actions/launch_war_action.gdc[39m[0m
[  78% ] [90m[1msavepack[22m | Storing File: res://systems/actions/move_action.gdc[39m[0m
[  78% ] [90m[1msavepack[22m | Storing File: res://systems/actions/negotiate_action.gdc[39m[0m
[  78% ] [90m[1msavepack[22m | Storing File: res://systems/actions/propose_action.gdc[39m[0m
[  78% ] [90m[1msavepack[22m | Storing File: res://systems/actions/recruit_action.gdc[39m[0m
[  79% ] [90m[1msavepack[22m | Storing File: res://systems/actions/rest_action.gdc[39m[0m
[  79% ] [90m[1msavepack[22m | Storing File: res://systems/actions/serve_action.gdc[39m[0m
[  79% ] [90m[1msavepack[22m | Storing File: res://systems/actions/subjugate_action.gdc[39m[0m
[  79% ] [90m[1msavepack[22m | Storing File: res://systems/actions/swear_action.gdc[39m[0m
[  79% ] [90m[1msavepack[22m | Storing File: res://systems/actions/tavern_action.gdc[39m[0m
[  80% ] [90m[1msavepack[22m | Storing File: res://systems/actions/train_action.gdc[39m[0m
[  80% ] [90m[1msavepack[22m | Storing File: res://systems/actions/visit_action.gdc[39m[0m
[  80% ] [90m[1msavepack[22m | Storing File: res://systems/battle/battle_ai.gdc[39m[0m
[  80% ] [90m[1msavepack[22m | Storing File: res://systems/battle/battle_outcome.gdc[39m[0m
[  81% ] [90m[1msavepack[22m | Storing File: res://systems/battle/battle_rules.gdc[39m[0m
[  81% ] [90m[1msavepack[22m | Storing File: res://systems/battle/battle_setup.gdc[39m[0m
[  81% ] [90m[1msavepack[22m | Storing File: res://systems/battle/battle_state.gdc[39m[0m
[  81% ] [90m[1msavepack[22m | Storing File: res://systems/battle/battle_unit.gdc[39m[0m
[  82% ] [90m[1msavepack[22m | Storing File: res://systems/duel/duel.gdc[39m[0m
[  82% ] [90m[1msavepack[22m | Storing File: res://systems/duel/duel_state.gdc[39m[0m
[  82% ] [90m[1msavepack[22m | Storing File: res://systems/events/event_runner.gdc[39m[0m
[  82% ] [90m[1msavepack[22m | Storing File: res://systems/items/shop.gdc[39m[0m
[  83% ] [90m[1msavepack[22m | Storing File: res://systems/officers/officers.gdc[39m[0m
[  83% ] [90m[1msavepack[22m | Storing File: res://systems/officers/officer_gen.gdc[39m[0m
[  83% ] [90m[1msavepack[22m | Storing File: res://systems/officers/portraits.gdc[39m[0m
[  83% ] [90m[1msavepack[22m | Storing File: res://systems/officers/progression.gdc[39m[0m
[  84% ] [90m[1msavepack[22m | Storing File: res://systems/officers/record.gdc[39m[0m
[  84% ] [90m[1msavepack[22m | Storing File: res://systems/officers/relationship.gdc[39m[0m
[  84% ] [90m[1msavepack[22m | Storing File: res://systems/officers/skill_levels.gdc[39m[0m
[  84% ] [90m[1msavepack[22m | Storing File: res://systems/war/diplomacy.gdc[39m[0m
[  85% ] [90m[1msavepack[22m | Storing File: res://systems/war/economy.gdc[39m[0m
[  85% ] [90m[1msavepack[22m | Storing File: res://systems/war/nations.gdc[39m[0m
[  85% ] [90m[1msavepack[22m | Storing File: res://systems/war/nation_ai.gdc[39m[0m
[  85% ] [90m[1msavepack[22m | Storing File: res://systems/war/personnel.gdc[39m[0m
[  86% ] [90m[1msavepack[22m | Storing File: res://systems/war/war_resolver.gdc[39m[0m
[  86% ] [90m[1msavepack[22m | Storing File: res://systems/war/war_system.gdc[39m[0m
[  86% ] [90m[1msavepack[22m | Storing File: res://systems/world/world_map.gdc[39m[0m
[  86% ] [90m[1msavepack[22m | Storing File: res://systems/world/world_setup.gdc[39m[0m
[  87% ] [90m[1msavepack[22m | Storing File: res://systems/career.gdc[39m[0m
[  87% ] [90m[1msavepack[22m | Storing File: res://systems/ending.gdc[39m[0m
[  87% ] [90m[1msavepack[22m | Storing File: res://systems/family.gdc[39m[0m
[  87% ] [90m[1msavepack[22m | Storing File: res://systems/founding.gdc[39m[0m
[  88% ] [90m[1msavepack[22m | Storing File: res://systems/guild.gdc[39m[0m
[  88% ] [90m[1msavepack[22m | Storing File: res://systems/merc_grade.gdc[39m[0m
[  88% ] [90m[1msavepack[22m | Storing File: res://systems/monthly_update.gdc[39m[0m
[  88% ] [90m[1msavepack[22m | Storing File: res://systems/negotiation.gdc[39m[0m
[  89% ] [90m[1msavepack[22m | Storing File: res://ui/map/menu_panel.gdc[39m[0m
[  89% ] [90m[1msavepack[22m | Storing File: res://ui/negotiation/negotiation_panel.gdc[39m[0m
[  89% ] [90m[1msavepack[22m | Storing File: res://ui/title/game_over_screen.gdc[39m[0m
[  89% ] [90m[1msavepack[22m | Storing File: res://.godot/exported/133200997/export-017435905534e080e103f33c854cdb1c-main_theme.res[39m[0m
[  89% ] [90m[1msavepack[22m | Storing File: res://ui/title/ending_screen.gdc[39m[0m
[  90% ] [90m[1msavepack[22m | Storing File: res://ui/title/title_screen.gdc[39m[0m
[  90% ] [90m[1msavepack[22m | Storing File: res://ui/map/map_view.gdc[39m[0m
[  90% ] [90m[1msavepack[22m | Storing File: res://assets/fonts/Galmuri_OFL.txt[39m[0m
[  90% ] [90m[1msavepack[22m | Storing File: res://.godot/exported/133200997/export-41907ca19298a5d440f969fc1846ba0d-game_over_screen.scn[39m[0m
[  91% ] [90m[1msavepack[22m | Storing File: res://assets/fonts/NotoSansKR_OFL.txt[39m[0m
[  91% ] [90m[1msavepack[22m | Storing File: res://.godot/exported/133200997/export-f2ccdeb1bbebeb9d4c5c49e1fdc61a61-ending_screen.scn[39m[0m
[  91% ] [90m[1msavepack[22m | Storing File: res://ui/map/people_panel.gdc[39m[0m
[  91% ] [90m[1msavepack[22m | Storing File: res://.godot/exported/133200997/export-7b186f337daebc708f73cedc2e3c602d-title_screen.scn[39m[0m
[  92% ] [90m[1msavepack[22m | Storing File: res://ui/map/shop_view.gdc[39m[0m
[  92% ] [90m[1msavepack[22m | Storing File: res://.godot/exported/133200997/export-81bdb094d0108c74acd2edfb799a42fc-map_screen.scn[39m[0m
[  92% ] [90m[1msavepack[22m | Storing File: res://tools/screenshot.gdc[39m[0m
[  92% ] [90m[1msavepack[22m | Storing File: res://ui/battle/battle_fx.gdc[39m[0m
[  93% ] [90m[1msavepack[22m | Storing File: res://ui/battle/battle_screen.gdc[39m[0m
[  93% ] [90m[1msavepack[22m | Storing File: res://.godot/exported/133200997/export-1ece24f0b646d9bb530537df6a34f80f-battle_screen.scn[39m[0m
[  93% ] [90m[1msavepack[22m | Storing File: res://ui/battle/battle_session.gdc[39m[0m
[  93% ] [90m[1msavepack[22m | Storing File: res://ui/battle/battle_tiles.gdc[39m[0m
[  94% ] [90m[1msavepack[22m | Storing File: res://ui/battle/skill_fx.gdc[39m[0m
[  94% ] [90m[1msavepack[22m | Storing File: res://ui/battle/unit_info.gdc[39m[0m
[  94% ] [90m[1msavepack[22m | Storing File: res://ui/battle/unit_token.gdc[39m[0m
[  94% ] [90m[1msavepack[22m | Storing File: res://ui/boot/boot_screen.gdc[39m[0m
[  95% ] [90m[1msavepack[22m | Storing File: res://.godot/exported/133200997/export-2dfe6f8925f8b13ce69026937f944f76-boot_screen.scn[39m[0m
[  95% ] [90m[1msavepack[22m | Storing File: res://ui/common/fmt.gdc[39m[0m
[  95% ] [90m[1msavepack[22m | Storing File: res://ui/common/hangul.gdc[39m[0m
[  95% ] [90m[1msavepack[22m | Storing File: res://ui/common/modal.gdc[39m[0m
[  96% ] [90m[1msavepack[22m | Storing File: res://ui/common/name_input.gdc[39m[0m
[  96% ] [90m[1msavepack[22m | Storing File: res://ui/common/officer_card.gdc[39m[0m
[  96% ] [90m[1msavepack[22m | Storing File: res://ui/common/talk_popup.gdc[39m[0m
[  96% ] [90m[1msavepack[22m | Storing File: res://ui/common/ui_kit.gdc[39m[0m
[  97% ] [90m[1msavepack[22m | Storing File: res://ui/create/create_screen.gdc[39m[0m
[  97% ] [90m[1msavepack[22m | Storing File: res://.godot/exported/133200997/export-1710b73c04595a1b19c148399b5dd5e2-create_screen.scn[39m[0m
[  97% ] [90m[1msavepack[22m | Storing File: res://ui/duel/duel_panel.gdc[39m[0m
[  97% ] [90m[1msavepack[22m | Storing File: res://ui/events/event_panel.gdc[39m[0m
[  98% ] [90m[1msavepack[22m | Storing File: res://ui/map/city_panel.gdc[39m[0m
[  98% ] [90m[1msavepack[22m | Storing File: res://ui/map/company_panel.gdc[39m[0m
[  98% ] [90m[1msavepack[22m | Storing File: res://ui/map/founding_dialog.gdc[39m[0m
[  98% ] [90m[1msavepack[22m | Storing File: res://ui/map/map_screen.gdc[39m[0m
[  98% ] [90m[1msavepack[22m | Storing File: res://core/asset_registry.gd.remap[39m[0m
[  98% ] [90m[1msavepack[22m | Storing File: res://core/data_db.gd.remap[39m[0m
[  98% ] [90m[1msavepack[22m | Storing File: res://core/event_bus.gd.remap[39m[0m
[  98% ] [90m[1msavepack[22m | Storing File: res://core/game_state.gd.remap[39m[0m
[  98% ] [90m[1msavepack[22m | Storing File: res://core/rng.gd.remap[39m[0m
[  98% ] [90m[1msavepack[22m | Storing File: res://core/save_manager.gd.remap[39m[0m
[  98% ] [90m[1msavepack[22m | Storing File: res://core/settings.gd.remap[39m[0m
[  98% ] [90m[1msavepack[22m | Storing File: res://core/time_manager.gd.remap[39m[0m
[  98% ] [90m[1msavepack[22m | Storing File: res://systems/actions/accept_quest_action.gd.remap[39m[0m
[  98% ] [90m[1msavepack[22m | Storing File: res://systems/actions/actions.gd.remap[39m[0m
[  98% ] [90m[1msavepack[22m | Storing File: res://systems/actions/buy_action.gd.remap[39m[0m
[  98% ] [90m[1msavepack[22m | Storing File: res://systems/actions/confess_action.gd.remap[39m[0m
[  98% ] [90m[1msavepack[22m | Storing File: res://systems/actions/conquest_action.gd.remap[39m[0m
[  98% ] [90m[1msavepack[22m | Storing File: res://systems/actions/declare_independence_action.gd.remap[39m[0m
[  98% ] [90m[1msavepack[22m | Storing File: res://systems/actions/dismiss_action.gd.remap[39m[0m
[  98% ] [90m[1msavepack[22m | Storing File: res://systems/actions/form_company_action.gd.remap[39m[0m
[  98% ] [90m[1msavepack[22m | Storing File: res://systems/actions/game_action.gd.remap[39m[0m
[  98% ] [90m[1msavepack[22m | Storing File: res://systems/actions/govern_action.gd.remap[39m[0m
[  98% ] [90m[1msavepack[22m | Storing File: res://systems/actions/hire_action.gd.remap[39m[0m
[  98% ] [90m[1msavepack[22m | Storing File: res://systems/actions/hire_officer_action.gd.remap[39m[0m
[  98% ] [90m[1msavepack[22m | Storing File: res://systems/actions/interact_action.gd.remap[39m[0m
[  98% ] [90m[1msavepack[22m | Storing File: res://systems/actions/launch_war_action.gd.remap[39m[0m
[  98% ] [90m[1msavepack[22m | Storing File: res://systems/actions/move_action.gd.remap[39m[0m
[  98% ] [90m[1msavepack[22m | Storing File: res://systems/actions/negotiate_action.gd.remap[39m[0m
[  98% ] [90m[1msavepack[22m | Storing File: res://systems/actions/propose_action.gd.remap[39m[0m
[  98% ] [90m[1msavepack[22m | Storing File: res://systems/actions/recruit_action.gd.remap[39m[0m
[  98% ] [90m[1msavepack[22m | Storing File: res://systems/actions/rest_action.gd.remap[39m[0m
[  98% ] [90m[1msavepack[22m | Storing File: res://systems/actions/serve_action.gd.remap[39m[0m
[  98% ] [90m[1msavepack[22m | Storing File: res://systems/actions/subjugate_action.gd.remap[39m[0m
[  98% ] [90m[1msavepack[22m | Storing File: res://systems/actions/swear_action.gd.remap[39m[0m
[  98% ] [90m[1msavepack[22m | Storing File: res://systems/actions/tavern_action.gd.remap[39m[0m
[  98% ] [90m[1msavepack[22m | Storing File: res://systems/actions/train_action.gd.remap[39m[0m
[  98% ] [90m[1msavepack[22m | Storing File: res://systems/actions/visit_action.gd.remap[39m[0m
[  98% ] [90m[1msavepack[22m | Storing File: res://systems/battle/battle_ai.gd.remap[39m[0m
[  98% ] [90m[1msavepack[22m | Storing File: res://systems/battle/battle_outcome.gd.remap[39m[0m
[  98% ] [90m[1msavepack[22m | Storing File: res://systems/battle/battle_rules.gd.remap[39m[0m
[  98% ] [90m[1msavepack[22m | Storing File: res://systems/battle/battle_setup.gd.remap[39m[0m
[  98% ] [90m[1msavepack[22m | Storing File: res://systems/battle/battle_state.gd.remap[39m[0m
[  98% ] [90m[1msavepack[22m | Storing File: res://systems/battle/battle_unit.gd.remap[39m[0m
[  98% ] [90m[1msavepack[22m | Storing File: res://systems/duel/duel.gd.remap[39m[0m
[  98% ] [90m[1msavepack[22m | Storing File: res://systems/duel/duel_state.gd.remap[39m[0m
[  98% ] [90m[1msavepack[22m | Storing File: res://systems/events/event_runner.gd.remap[39m[0m
[  98% ] [90m[1msavepack[22m | Storing File: res://systems/items/shop.gd.remap[39m[0m
[  98% ] [90m[1msavepack[22m | Storing File: res://systems/officers/officers.gd.remap[39m[0m
[  98% ] [90m[1msavepack[22m | Storing File: res://systems/officers/officer_gen.gd.remap[39m[0m
[  98% ] [90m[1msavepack[22m | Storing File: res://systems/officers/portraits.gd.remap[39m[0m
[  98% ] [90m[1msavepack[22m | Storing File: res://systems/officers/progression.gd.remap[39m[0m
[  98% ] [90m[1msavepack[22m | Storing File: res://systems/officers/record.gd.remap[39m[0m
[  98% ] [90m[1msavepack[22m | Storing File: res://systems/officers/relationship.gd.remap[39m[0m
[  98% ] [90m[1msavepack[22m | Storing File: res://systems/officers/skill_levels.gd.remap[39m[0m
[  98% ] [90m[1msavepack[22m | Storing File: res://systems/war/diplomacy.gd.remap[39m[0m
[  98% ] [90m[1msavepack[22m | Storing File: res://systems/war/economy.gd.remap[39m[0m
[  98% ] [90m[1msavepack[22m | Storing File: res://systems/war/nations.gd.remap[39m[0m
[  98% ] [90m[1msavepack[22m | Storing File: res://systems/war/nation_ai.gd.remap[39m[0m
[  98% ] [90m[1msavepack[22m | Storing File: res://systems/war/personnel.gd.remap[39m[0m
[  98% ] [90m[1msavepack[22m | Storing File: res://systems/war/war_resolver.gd.remap[39m[0m
[  98% ] [90m[1msavepack[22m | Storing File: res://systems/war/war_system.gd.remap[39m[0m
[  98% ] [90m[1msavepack[22m | Storing File: res://systems/world/world_map.gd.remap[39m[0m
[  98% ] [90m[1msavepack[22m | Storing File: res://systems/world/world_setup.gd.remap[39m[0m
[  98% ] [90m[1msavepack[22m | Storing File: res://systems/career.gd.remap[39m[0m
[  98% ] [90m[1msavepack[22m | Storing File: res://systems/ending.gd.remap[39m[0m
[  98% ] [90m[1msavepack[22m | Storing File: res://systems/family.gd.remap[39m[0m
[  98% ] [90m[1msavepack[22m | Storing File: res://systems/founding.gd.remap[39m[0m
[  98% ] [90m[1msavepack[22m | Storing File: res://systems/guild.gd.remap[39m[0m
[  98% ] [90m[1msavepack[22m | Storing File: res://systems/merc_grade.gd.remap[39m[0m
[  98% ] [90m[1msavepack[22m | Storing File: res://systems/monthly_update.gd.remap[39m[0m
[  98% ] [90m[1msavepack[22m | Storing File: res://systems/negotiation.gd.remap[39m[0m
[  98% ] [90m[1msavepack[22m | Storing File: res://ui/map/menu_panel.gd.remap[39m[0m
[  98% ] [90m[1msavepack[22m | Storing File: res://ui/negotiation/negotiation_panel.gd.remap[39m[0m
[  98% ] [90m[1msavepack[22m | Storing File: res://ui/title/game_over_screen.gd.remap[39m[0m
[  98% ] [90m[1msavepack[22m | Storing File: res://ui/theme/main_theme.tres.remap[39m[0m
[  98% ] [90m[1msavepack[22m | Storing File: res://ui/title/ending_screen.gd.remap[39m[0m
[  98% ] [90m[1msavepack[22m | Storing File: res://ui/title/title_screen.gd.remap[39m[0m
[  98% ] [90m[1msavepack[22m | Storing File: res://ui/map/map_view.gd.remap[39m[0m
[  98% ] [90m[1msavepack[22m | Storing File: res://ui/title/game_over_screen.tscn.remap[39m[0m
[  98% ] [90m[1msavepack[22m | Storing File: res://ui/title/ending_screen.tscn.remap[39m[0m
[  98% ] [90m[1msavepack[22m | Storing File: res://ui/map/people_panel.gd.remap[39m[0m
[  98% ] [90m[1msavepack[22m | Storing File: res://ui/title/title_screen.tscn.remap[39m[0m
[  98% ] [90m[1msavepack[22m | Storing File: res://ui/map/shop_view.gd.remap[39m[0m
[  98% ] [90m[1msavepack[22m | Storing File: res://ui/map/map_screen.tscn.remap[39m[0m
[  98% ] [90m[1msavepack[22m | Storing File: res://tools/screenshot.gd.remap[39m[0m
[  98% ] [90m[1msavepack[22m | Storing File: res://ui/battle/battle_fx.gd.remap[39m[0m
[  98% ] [90m[1msavepack[22m | Storing File: res://ui/battle/battle_screen.gd.remap[39m[0m
[  98% ] [90m[1msavepack[22m | Storing File: res://ui/battle/battle_screen.tscn.remap[39m[0m
[  98% ] [90m[1msavepack[22m | Storing File: res://ui/battle/battle_session.gd.remap[39m[0m
[  98% ] [90m[1msavepack[22m | Storing File: res://ui/battle/battle_tiles.gd.remap[39m[0m
[  98% ] [90m[1msavepack[22m | Storing File: res://ui/battle/skill_fx.gd.remap[39m[0m
[  98% ] [90m[1msavepack[22m | Storing File: res://ui/battle/unit_info.gd.remap[39m[0m
[  98% ] [90m[1msavepack[22m | Storing File: res://ui/battle/unit_token.gd.remap[39m[0m
[  98% ] [90m[1msavepack[22m | Storing File: res://ui/boot/boot_screen.gd.remap[39m[0m
[  98% ] [90m[1msavepack[22m | Storing File: res://ui/boot/boot_screen.tscn.remap[39m[0m
[  98% ] [90m[1msavepack[22m | Storing File: res://ui/common/fmt.gd.remap[39m[0m
[  98% ] [90m[1msavepack[22m | Storing File: res://ui/common/hangul.gd.remap[39m[0m
[  98% ] [90m[1msavepack[22m | Storing File: res://ui/common/modal.gd.remap[39m[0m
[  98% ] [90m[1msavepack[22m | Storing File: res://ui/common/name_input.gd.remap[39m[0m
[  98% ] [90m[1msavepack[22m | Storing File: res://ui/common/officer_card.gd.remap[39m[0m
[  98% ] [90m[1msavepack[22m | Storing File: res://ui/common/talk_popup.gd.remap[39m[0m
[  98% ] [90m[1msavepack[22m | Storing File: res://ui/common/ui_kit.gd.remap[39m[0m
[  98% ] [90m[1msavepack[22m | Storing File: res://ui/create/create_screen.gd.remap[39m[0m
[  98% ] [90m[1msavepack[22m | Storing File: res://ui/create/create_screen.tscn.remap[39m[0m
[  98% ] [90m[1msavepack[22m | Storing File: res://ui/duel/duel_panel.gd.remap[39m[0m
[  98% ] [90m[1msavepack[22m | Storing File: res://ui/events/event_panel.gd.remap[39m[0m
[  98% ] [90m[1msavepack[22m | Storing File: res://ui/map/city_panel.gd.remap[39m[0m
[  98% ] [90m[1msavepack[22m | Storing File: res://ui/map/company_panel.gd.remap[39m[0m
[  98% ] [90m[1msavepack[22m | Storing File: res://ui/map/founding_dialog.gd.remap[39m[0m
[  98% ] [90m[1msavepack[22m | Storing File: res://ui/map/map_screen.gd.remap[39m[0m
[  98% ] [90m[1msavepack[22m | Storing File: res://.godot/global_script_class_cache.cfg[39m[0m
[  98% ] [90m[1msavepack[22m | Storing File: res://.godot/uid_cache.bin[39m[0m
Export: Using editor embedded text server data, text display in the exported project might be broken if export template was built with different ICU version!
[  98% ] [90m[1msavepack[22m | Storing File: res://icudt_godot.dat[39m[0m
[  98% ] [90m[1msavepack[22m | Storing File: res://project.binary[39m[0m
[92m[ DONE ][39m [1msavepack[22m
[0m
